

================================================================
== Vivado HLS Report for 'computeS1'
================================================================
* Date:           Wed Apr 26 21:03:30 2023

* Version:        2018.2 (Build 2258646 on Thu Jun 14 20:25:20 MDT 2018)
* Project:        S1
* Solution:       solution1
* Product family: zynq
* Target device:  xc7z045ffg900-2


================================================================
== Performance Estimates
================================================================
+ Timing (ns): 
    * Summary: 
    +--------+-------+----------+------------+
    |  Clock | Target| Estimated| Uncertainty|
    +--------+-------+----------+------------+
    |ap_clk  |  10.00|     8.750|        1.25|
    +--------+-------+----------+------------+

+ Latency (clock cycles): 
    * Summary: 
    +----------+----------+---------+---------+----------+
    |       Latency       |      Interval     | Pipeline |
    |    min   |    max   |   min   |   max   |   Type   |
    +----------+----------+---------+---------+----------+
    |  12863214|  12863214|  4194373|  4194373| dataflow |
    +----------+----------+---------+---------+----------+

    + Detail: 
        * Instance: 
        +---------------------------+------------------------+---------+---------+---------+---------+---------+
        |                           |                        |      Latency      |      Interval     | Pipeline|
        |          Instance         |         Module         |   min   |   max   |   min   |   max   |   Type  |
        +---------------------------+------------------------+---------+---------+---------+---------+---------+
        |grouperPE_U0               |grouperPE               |   449030|   449030|   449030|   449030|   none  |
        |Conv1DMac_new_2_U0         |Conv1DMac_new_2         |    12292|    12292|    12292|    12292|   none  |
        |Conv1DMac_new_1_U0         |Conv1DMac_new_1         |   262148|   262148|   262148|   262148|   none  |
        |Conv1DMac_new407_U0        |Conv1DMac_new407        |  4194308|  4194308|  4194308|  4194308|   none  |
        |Conv1DMac_new411_U0        |Conv1DMac_new411        |  4194308|  4194308|  4194308|  4194308|   none  |
        |Conv1DMac_new_U0           |Conv1DMac_new           |  4194308|  4194308|  4194308|  4194308|   none  |
        |Conv1DMac_new415_U0        |Conv1DMac_new415        |   262148|   262148|   262148|   262148|   none  |
        |Conv1DBuffer_new406_U0     |Conv1DBuffer_new406     |  4194372|  4194372|  4194372|  4194372|   none  |
        |Conv1DBuffer_new410_U0     |Conv1DBuffer_new410     |  4194372|  4194372|  4194372|  4194372|   none  |
        |Conv1DBuffer_new_U0        |Conv1DBuffer_new        |  4194372|  4194372|  4194372|  4194372|   none  |
        |Conv1DBuffer_new414_U0     |Conv1DBuffer_new414     |   262212|   262212|   262212|   262212|   none  |
        |Conv1DBuffer_new_1_U0      |Conv1DBuffer_new_1      |   262212|   262212|   262212|   262212|   none  |
        |StreamingDataWidthCo_1_U0  |StreamingDataWidthCo_1  |   262146|   262146|   262146|   262146|   none  |
        |StreamingDataWidthCo_U0    |StreamingDataWidthCo    |   262146|   262146|   262146|   262146|   none  |
        |StreamingDataWidthCo_2_U0  |StreamingDataWidthCo_2  |   262146|   262146|   262146|   262146|   none  |
        |Conv1DBuffer_new_2_U0      |Conv1DBuffer_new_2      |    12295|    12295|    12295|    12295|   none  |
        |StreamingDataWidthCo_4_U0  |StreamingDataWidthCo_4  |    16386|    16386|    16386|    16386|   none  |
        |StreamingDataWidthCo_3_U0  |StreamingDataWidthCo_3  |    16386|    16386|    16386|    16386|   none  |
        |StreamingDataWidthCo_5_U0  |StreamingDataWidthCo_5  |    16386|    16386|    16386|    16386|   none  |
        |StreamingMaxPool_Pre_U0    |StreamingMaxPool_Pre    |   279875|   279875|   279875|   279875|   none  |
        |Mem2Stream_U0              |Mem2Stream              |     1545|     1545|     1545|     1545|   none  |
        |ResizeStream_U0            |ResizeStream            |    32769|    32769|    32769|    32769|   none  |
        |Relu1D408_U0               |Relu1D408               |    65538|    65538|    65538|    65538|   none  |
        |Relu1D412_U0               |Relu1D412               |    65538|    65538|    65538|    65538|   none  |
        |Relu1D_U0                  |Relu1D                  |    65538|    65538|    65538|    65538|   none  |
        |Relu1D_2_U0                |Relu1D_2                |     4098|     4098|     4098|     4098|   none  |
        |Relu1D416_U0               |Relu1D416               |     4098|     4098|     4098|     4098|   none  |
        |Relu1D_1_U0                |Relu1D_1                |     4098|     4098|     4098|     4098|   none  |
        |CloneStream_U0             |CloneStream             |     1538|     1538|     1538|     1538|   none  |
        |CloneStreamOnce_U0         |CloneStreamOnce         |     1538|     1538|     1538|     1538|   none  |
        |ResizeStream_1_U0          |ResizeStream_1          |     1537|     1537|     1537|     1537|   none  |
        +---------------------------+------------------------+---------+---------+---------+---------+---------+

        * Loop: 
        N/A



================================================================
== Utilization Estimates
================================================================
* Summary: 
+-----------------+---------+-------+--------+--------+
|       Name      | BRAM_18K| DSP48E|   FF   |   LUT  |
+-----------------+---------+-------+--------+--------+
|DSP              |        -|      -|       -|       -|
|Expression       |        -|      -|       0|       4|
|FIFO             |       15|      -|     636|    1545|
|Instance         |      113|      0|    6526|   21141|
|Memory           |        -|      -|       -|       -|
|Multiplexer      |        -|      -|       -|       -|
|Register         |        -|      -|       -|       -|
+-----------------+---------+-------+--------+--------+
|Total            |      128|      0|    7162|   22690|
+-----------------+---------+-------+--------+--------+
|Available        |     1090|    900|  437200|  218600|
+-----------------+---------+-------+--------+--------+
|Utilization (%)  |       11|      0|       1|      10|
+-----------------+---------+-------+--------+--------+

+ Detail: 
    * Instance: 
    +---------------------------+-------------------------+---------+-------+------+------+
    |          Instance         |          Module         | BRAM_18K| DSP48E|  FF  |  LUT |
    +---------------------------+-------------------------+---------+-------+------+------+
    |CloneStream_U0             |CloneStream              |        0|      0|    19|   131|
    |CloneStreamOnce_U0         |CloneStreamOnce          |        0|      0|    19|   122|
    |Conv1DBuffer_new_U0        |Conv1DBuffer_new         |        1|      0|    94|   468|
    |Conv1DBuffer_new406_U0     |Conv1DBuffer_new406      |        1|      0|    94|   468|
    |Conv1DBuffer_new410_U0     |Conv1DBuffer_new410      |        1|      0|    94|   468|
    |Conv1DBuffer_new414_U0     |Conv1DBuffer_new414      |        1|      0|    86|   456|
    |Conv1DBuffer_new_1_U0      |Conv1DBuffer_new_1       |        1|      0|    86|   456|
    |Conv1DBuffer_new_2_U0      |Conv1DBuffer_new_2       |        1|      0|    56|   407|
    |Conv1DMac_new_U0           |Conv1DMac_new            |        4|      0|   340|  1075|
    |Conv1DMac_new407_U0        |Conv1DMac_new407         |        4|      0|   340|  1075|
    |Conv1DMac_new411_U0        |Conv1DMac_new411         |        4|      0|   340|  1075|
    |Conv1DMac_new415_U0        |Conv1DMac_new415         |        4|      0|   336|  1071|
    |Conv1DMac_new_1_U0         |Conv1DMac_new_1          |        4|      0|   340|  1113|
    |Conv1DMac_new_2_U0         |Conv1DMac_new_2          |        0|      0|   539|  1353|
    |Mem2Stream_U0              |Mem2Stream               |        0|      0|    92|   173|
    |Relu1D_U0                  |Relu1D                   |        0|      0|    25|   164|
    |Relu1D408_U0               |Relu1D408                |        0|      0|    25|   164|
    |Relu1D412_U0               |Relu1D412                |        0|      0|    25|   164|
    |Relu1D416_U0               |Relu1D416                |        0|      0|    21|   155|
    |Relu1D_1_U0                |Relu1D_1                 |        0|      0|    21|   155|
    |Relu1D_2_U0                |Relu1D_2                 |        0|      0|    21|   155|
    |ResizeStream_U0            |ResizeStream             |        0|      0|   166|   134|
    |ResizeStream_1_U0          |ResizeStream_1           |        0|      0|    15|    95|
    |StreamingDataWidthCo_U0    |StreamingDataWidthCo     |        0|      0|    84|   279|
    |StreamingDataWidthCo_1_U0  |StreamingDataWidthCo_1   |        0|      0|    84|   279|
    |StreamingDataWidthCo_2_U0  |StreamingDataWidthCo_2   |        0|      0|    84|   279|
    |StreamingDataWidthCo_3_U0  |StreamingDataWidthCo_3   |        0|      0|    80|   270|
    |StreamingDataWidthCo_4_U0  |StreamingDataWidthCo_4   |        0|      0|    79|   261|
    |StreamingDataWidthCo_5_U0  |StreamingDataWidthCo_5   |        0|      0|    80|   270|
    |StreamingMaxPool_Pre_U0    |StreamingMaxPool_Pre     |        1|      0|    78|   365|
    |computeS1_control_s_axi_U  |computeS1_control_s_axi  |        0|      0|    68|   104|
    |computeS1_hostmem_m_axi_U  |computeS1_hostmem_m_axi  |        4|      0|   566|   766|
    |grouperPE_U0               |grouperPE                |       82|      0|  2129|  7171|
    +---------------------------+-------------------------+---------+-------+------+------+
    |Total                      |                         |      113|      0|  6526| 21141|
    +---------------------------+-------------------------+---------+-------+------+------+

    * DSP48: 
    N/A

    * Memory: 
    N/A

    * FIFO: 
    +-----------------+---------+----+-----+------+-----+---------+
    |       Name      | BRAM_18K| FF | LUT | Depth| Bits| Size:D*B|
    +-----------------+---------+----+-----+------+-----+---------+
    |cnv_10_V_V_U     |        0|   5|   20|     2|    8|       16|
    |cnv_11PRL_V_V_U  |        0|   5|   44|     2|   32|       64|
    |cnv_12PRL_V_V_U  |        0|   5|   44|     2|   32|       64|
    |cnv_13_V_V_U     |        0|   5|   20|     2|    8|       16|
    |cnv_14_V_V_U     |        0|   5|   20|     2|    8|       16|
    |cnv_15PRL_V_V_U  |        0|   5|   44|     2|   32|       64|
    |cnv_16PRL_V_V_U  |        0|   5|   44|     2|   32|       64|
    |cnv_17_V_V_U     |        0|   5|   20|     2|    8|       16|
    |cnv_18_V_V_U     |        0|   5|   20|     2|    8|       16|
    |cnv_19_V_V_U     |        0|   5|   20|     2|    8|       16|
    |cnv_1_V_V_U      |        1|  43|   77|  1024|    8|     8192|
    |cnv_20PRL_V_V_U  |        0|   5|   44|     2|   32|       64|
    |cnv_21PRL_V_V_U  |        0|   5|   44|     2|   32|       64|
    |cnv_22_V_V_U     |        0|   5|   20|     2|    8|       16|
    |cnv_23_V_V_U     |        0|   5|   20|     2|    8|       16|
    |cnv_24PRL_V_V_U  |        0|   5|   44|     2|   32|       64|
    |cnv_25PRL_V_V_U  |        0|   5|   44|     2|   32|       64|
    |cnv_2PRL_V_V_U   |        2|  66|  105|  1024|   32|    32768|
    |cnv_3PRL_V_V_U   |        2|  66|  105|  1024|   32|    32768|
    |cnv_4_V_V_U      |        1|  43|   77|  1024|    8|     8192|
    |cnv_5_V_V_U      |        1|  43|   77|  1024|    8|     8192|
    |cnv_6_V_V_U      |        0|   5|   20|     2|    8|       16|
    |cnv_7PRL_V_V_U   |        0|   5|   44|     2|   32|       64|
    |cnv_8PRL_V_V_U   |        0|   5|   44|     2|   32|       64|
    |cnv_9_V_V_U      |        0|   5|   20|     2|    8|       16|
    |inStr2_V_V_U     |        1|  43|   77|  1024|    8|     8192|
    |inStr_V_V_U      |        4|  98|  136|  1024|   64|    65536|
    |in_1_V_V_U       |        1|  43|   77|  1024|    8|     8192|
    |in_2_V_V_U       |        1|  43|   77|  1024|    8|     8192|
    |in_3_V_V_U       |        1|  43|   77|  1024|    8|     8192|
    |outStr_V_V_U     |        0|   5|   20|     2|    8|       16|
    +-----------------+---------+----+-----+------+-----+---------+
    |Total            |       15| 636| 1545| 10282|  592|   189232|
    +-----------------+---------+----+-----+------+-----+---------+

    * Expression: 
    +-----------------------------+----------+-------+---+----+------------+------------+
    |        Variable Name        | Operation| DSP48E| FF| LUT| Bitwidth P0| Bitwidth P1|
    +-----------------------------+----------+-------+---+----+------------+------------+
    |CloneStream_U0_start_full_n  |    and   |      0|  0|   2|           1|           1|
    |ap_idle                      |    and   |      0|  0|   2|           1|           1|
    +-----------------------------+----------+-------+---+----+------------+------------+
    |Total                        |          |      0|  0|   4|           2|           2|
    +-----------------------------+----------+-------+---+----+------------+------------+

    * Multiplexer: 
    N/A

    * Register: 
    N/A



================================================================
== Interface
================================================================
* Summary: 
+------------------------+-----+-----+------------+--------------+--------------+
|        RTL Ports       | Dir | Bits|  Protocol  | Source Object|    C Type    |
+------------------------+-----+-----+------------+--------------+--------------+
|s_axi_control_AWVALID   |  in |    1|    s_axi   |    control   |    scalar    |
|s_axi_control_AWREADY   | out |    1|    s_axi   |    control   |    scalar    |
|s_axi_control_AWADDR    |  in |    5|    s_axi   |    control   |    scalar    |
|s_axi_control_WVALID    |  in |    1|    s_axi   |    control   |    scalar    |
|s_axi_control_WREADY    | out |    1|    s_axi   |    control   |    scalar    |
|s_axi_control_WDATA     |  in |   32|    s_axi   |    control   |    scalar    |
|s_axi_control_WSTRB     |  in |    4|    s_axi   |    control   |    scalar    |
|s_axi_control_ARVALID   |  in |    1|    s_axi   |    control   |    scalar    |
|s_axi_control_ARREADY   | out |    1|    s_axi   |    control   |    scalar    |
|s_axi_control_ARADDR    |  in |    5|    s_axi   |    control   |    scalar    |
|s_axi_control_RVALID    | out |    1|    s_axi   |    control   |    scalar    |
|s_axi_control_RREADY    |  in |    1|    s_axi   |    control   |    scalar    |
|s_axi_control_RDATA     | out |   32|    s_axi   |    control   |    scalar    |
|s_axi_control_RRESP     | out |    2|    s_axi   |    control   |    scalar    |
|s_axi_control_BVALID    | out |    1|    s_axi   |    control   |    scalar    |
|s_axi_control_BREADY    |  in |    1|    s_axi   |    control   |    scalar    |
|s_axi_control_BRESP     | out |    2|    s_axi   |    control   |    scalar    |
|ap_clk                  |  in |    1| ap_ctrl_hs |   computeS1  | return value |
|ap_rst_n                |  in |    1| ap_ctrl_hs |   computeS1  | return value |
|ap_done                 | out |    1| ap_ctrl_hs |   computeS1  | return value |
|ap_start                |  in |    1| ap_ctrl_hs |   computeS1  | return value |
|ap_ready                | out |    1| ap_ctrl_hs |   computeS1  | return value |
|ap_idle                 | out |    1| ap_ctrl_hs |   computeS1  | return value |
|m_axi_hostmem_AWVALID   | out |    1|    m_axi   |    hostmem   |    pointer   |
|m_axi_hostmem_AWREADY   |  in |    1|    m_axi   |    hostmem   |    pointer   |
|m_axi_hostmem_AWADDR    | out |   32|    m_axi   |    hostmem   |    pointer   |
|m_axi_hostmem_AWID      | out |    1|    m_axi   |    hostmem   |    pointer   |
|m_axi_hostmem_AWLEN     | out |    8|    m_axi   |    hostmem   |    pointer   |
|m_axi_hostmem_AWSIZE    | out |    3|    m_axi   |    hostmem   |    pointer   |
|m_axi_hostmem_AWBURST   | out |    2|    m_axi   |    hostmem   |    pointer   |
|m_axi_hostmem_AWLOCK    | out |    2|    m_axi   |    hostmem   |    pointer   |
|m_axi_hostmem_AWCACHE   | out |    4|    m_axi   |    hostmem   |    pointer   |
|m_axi_hostmem_AWPROT    | out |    3|    m_axi   |    hostmem   |    pointer   |
|m_axi_hostmem_AWQOS     | out |    4|    m_axi   |    hostmem   |    pointer   |
|m_axi_hostmem_AWREGION  | out |    4|    m_axi   |    hostmem   |    pointer   |
|m_axi_hostmem_AWUSER    | out |    1|    m_axi   |    hostmem   |    pointer   |
|m_axi_hostmem_WVALID    | out |    1|    m_axi   |    hostmem   |    pointer   |
|m_axi_hostmem_WREADY    |  in |    1|    m_axi   |    hostmem   |    pointer   |
|m_axi_hostmem_WDATA     | out |   64|    m_axi   |    hostmem   |    pointer   |
|m_axi_hostmem_WSTRB     | out |    8|    m_axi   |    hostmem   |    pointer   |
|m_axi_hostmem_WLAST     | out |    1|    m_axi   |    hostmem   |    pointer   |
|m_axi_hostmem_WID       | out |    1|    m_axi   |    hostmem   |    pointer   |
|m_axi_hostmem_WUSER     | out |    1|    m_axi   |    hostmem   |    pointer   |
|m_axi_hostmem_ARVALID   | out |    1|    m_axi   |    hostmem   |    pointer   |
|m_axi_hostmem_ARREADY   |  in |    1|    m_axi   |    hostmem   |    pointer   |
|m_axi_hostmem_ARADDR    | out |   32|    m_axi   |    hostmem   |    pointer   |
|m_axi_hostmem_ARID      | out |    1|    m_axi   |    hostmem   |    pointer   |
|m_axi_hostmem_ARLEN     | out |    8|    m_axi   |    hostmem   |    pointer   |
|m_axi_hostmem_ARSIZE    | out |    3|    m_axi   |    hostmem   |    pointer   |
|m_axi_hostmem_ARBURST   | out |    2|    m_axi   |    hostmem   |    pointer   |
|m_axi_hostmem_ARLOCK    | out |    2|    m_axi   |    hostmem   |    pointer   |
|m_axi_hostmem_ARCACHE   | out |    4|    m_axi   |    hostmem   |    pointer   |
|m_axi_hostmem_ARPROT    | out |    3|    m_axi   |    hostmem   |    pointer   |
|m_axi_hostmem_ARQOS     | out |    4|    m_axi   |    hostmem   |    pointer   |
|m_axi_hostmem_ARREGION  | out |    4|    m_axi   |    hostmem   |    pointer   |
|m_axi_hostmem_ARUSER    | out |    1|    m_axi   |    hostmem   |    pointer   |
|m_axi_hostmem_RVALID    |  in |    1|    m_axi   |    hostmem   |    pointer   |
|m_axi_hostmem_RREADY    | out |    1|    m_axi   |    hostmem   |    pointer   |
|m_axi_hostmem_RDATA     |  in |   64|    m_axi   |    hostmem   |    pointer   |
|m_axi_hostmem_RLAST     |  in |    1|    m_axi   |    hostmem   |    pointer   |
|m_axi_hostmem_RID       |  in |    1|    m_axi   |    hostmem   |    pointer   |
|m_axi_hostmem_RUSER     |  in |    1|    m_axi   |    hostmem   |    pointer   |
|m_axi_hostmem_RRESP     |  in |    2|    m_axi   |    hostmem   |    pointer   |
|m_axi_hostmem_BVALID    |  in |    1|    m_axi   |    hostmem   |    pointer   |
|m_axi_hostmem_BREADY    | out |    1|    m_axi   |    hostmem   |    pointer   |
|m_axi_hostmem_BRESP     |  in |    2|    m_axi   |    hostmem   |    pointer   |
|m_axi_hostmem_BID       |  in |    1|    m_axi   |    hostmem   |    pointer   |
|m_axi_hostmem_BUSER     |  in |    1|    m_axi   |    hostmem   |    pointer   |
|s1_out_V_V_TDATA        | out |   64|    axis    |  s1_out_V_V  |    pointer   |
|s1_out_V_V_TVALID       | out |    1|    axis    |  s1_out_V_V  |    pointer   |
|s1_out_V_V_TREADY       |  in |    1|    axis    |  s1_out_V_V  |    pointer   |
+------------------------+-----+-----+------------+--------------+--------------+

