

================================================================
== Vivado HLS Report for 'Conv1DMac_new411'
================================================================
* Date:           Wed Apr 26 21:03:23 2023

* Version:        2018.2 (Build 2258646 on Thu Jun 14 20:25:20 MDT 2018)
* Project:        S1
* Solution:       solution1
* Product family: zynq
* Target device:  xc7z045ffg900-2


================================================================
== Performance Estimates
================================================================
+ Timing (ns): 
    * Summary: 
    +--------+-------+----------+------------+
    |  Clock | Target| Estimated| Uncertainty|
    +--------+-------+----------+------------+
    |ap_clk  |  10.00|     8.369|        1.25|
    +--------+-------+----------+------------+

+ Latency (clock cycles): 
    * Summary: 
    +---------+---------+---------+---------+---------+
    |      Latency      |      Interval     | Pipeline|
    |   min   |   max   |   min   |   max   |   Type  |
    +---------+---------+---------+---------+---------+
    |  4194308|  4194308|  4194308|  4194308|   none  |
    +---------+---------+---------+---------+---------+

    + Detail: 
        * Instance: 
        N/A

        * Loop: 
        +-----------------------------------------------------+---------+---------+----------+-----------+-----------+---------+----------+
        |                                                     |      Latency      | Iteration|  Initiation Interval  |   Trip  |          |
        |                      Loop Name                      |   min   |   max   |  Latency |  achieved |   target  |  Count  | Pipelined|
        +-----------------------------------------------------+---------+---------+----------+-----------+-----------+---------+----------+
        |- loop_ofmChannels_loop_neuronFold_loop_synapseFold  |  4194306|  4194306|         4|          1|          1|  4194304|    yes   |
        +-----------------------------------------------------+---------+---------+----------+-----------+-----------+---------+----------+



================================================================
== Utilization Estimates
================================================================
* Summary: 
+-----------------+---------+-------+--------+--------+
|       Name      | BRAM_18K| DSP48E|   FF   |   LUT  |
+-----------------+---------+-------+--------+--------+
|DSP              |        -|      -|       -|       -|
|Expression       |        -|      0|       0|     572|
|FIFO             |        -|      -|       -|       -|
|Instance         |        -|      -|       0|     260|
|Memory           |        4|      -|       0|       0|
|Multiplexer      |        -|      -|       -|     147|
|Register         |        0|      -|     340|      96|
+-----------------+---------+-------+--------+--------+
|Total            |        4|      0|     340|    1075|
+-----------------+---------+-------+--------+--------+
|Available        |     1090|    900|  437200|  218600|
+-----------------+---------+-------+--------+--------+
|Utilization (%)  |    ~0   |      0|   ~0   |   ~0   |
+-----------------+---------+-------+--------+--------+

+ Detail: 
    * Instance: 
    +----------------------------+------------------------+---------+-------+---+----+
    |          Instance          |         Module         | BRAM_18K| DSP48E| FF| LUT|
    +----------------------------+------------------------+---------+-------+---+----+
    |computeS1_mux_164DeQ_x_U64  |computeS1_mux_164DeQ_x  |        0|      0|  0|  65|
    |computeS1_mux_164DeQ_x_U65  |computeS1_mux_164DeQ_x  |        0|      0|  0|  65|
    |computeS1_mux_164DeQ_x_U66  |computeS1_mux_164DeQ_x  |        0|      0|  0|  65|
    |computeS1_mux_164DeQ_x_U67  |computeS1_mux_164DeQ_x  |        0|      0|  0|  65|
    +----------------------------+------------------------+---------+-------+---+----+
    |Total                       |                        |        0|      0|  0| 260|
    +----------------------------+------------------------+---------+-------+---+----+

    * DSP48: 
    N/A

    * Memory: 
    +--------------------------+----------------------+---------+---+----+------+-----+------+-------------+
    |          Memory          |        Module        | BRAM_18K| FF| LUT| Words| Bits| Banks| W*Bits*Banks|
    +--------------------------+----------------------+---------+---+----+------+-----+------+-------------+
    |weights2_m_weights_V_U    |Conv1DMac_new411_Ffa  |        1|  0|   0|  1024|    8|     1|         8192|
    |weights2_m_weights_V_1_U  |Conv1DMac_new411_Gfk  |        1|  0|   0|  1024|    8|     1|         8192|
    |weights2_m_weights_V_2_U  |Conv1DMac_new411_Hfu  |        1|  0|   0|  1024|    8|     1|         8192|
    |weights2_m_weights_V_3_U  |Conv1DMac_new411_IfE  |        1|  0|   0|  1024|    8|     1|         8192|
    +--------------------------+----------------------+---------+---+----+------+-----+------+-------------+
    |Total                     |                      |        4|  0|   0|  4096|   32|     4|        32768|
    +--------------------------+----------------------+---------+---+----+------+-----+------+-------------+

    * FIFO: 
    N/A

    * Expression: 
    +----------------------------------+----------+-------+---+----+------------+------------+
    |           Variable Name          | Operation| DSP48E| FF| LUT| Bitwidth P0| Bitwidth P1|
    +----------------------------------+----------+-------+---+----+------------+------------+
    |p_Val2_1_fu_601_p2                |     *    |      0|  0|  41|           8|           8|
    |p_Val2_2_fu_677_p2                |     *    |      0|  0|  41|           8|           8|
    |p_Val2_3_fu_753_p2                |     *    |      0|  0|  41|           8|           8|
    |p_Val2_s_fu_525_p2                |     *    |      0|  0|  41|           8|           8|
    |indvar_flatten_next4_fu_365_p2    |     +    |      0|  0|  30|           1|          23|
    |indvar_flatten_op_fu_497_p2       |     +    |      0|  0|  19|          12|           1|
    |macRegisters_0_V_fu_846_p2        |     +    |      0|  0|   8|           8|           8|
    |macRegisters_1_V_fu_860_p2        |     +    |      0|  0|   8|           8|           8|
    |macRegisters_2_V_fu_874_p2        |     +    |      0|  0|   8|           8|           8|
    |macRegisters_3_V_fu_888_p2        |     +    |      0|  0|   8|           8|           8|
    |nm_1_fu_419_p2                    |     +    |      0|  0|  15|           1|           5|
    |p_Val2_20_1_fu_993_p2             |     +    |      0|  0|  15|           8|           8|
    |p_Val2_20_2_fu_1036_p2            |     +    |      0|  0|  15|           8|           8|
    |p_Val2_20_3_fu_1079_p2            |     +    |      0|  0|  15|           8|           8|
    |p_Val2_5_fu_950_p2                |     +    |      0|  0|  15|           8|           8|
    |sf_1_fu_491_p2                    |     +    |      0|  0|  15|           7|           1|
    |tmp1_fu_840_p2                    |     +    |      0|  0|   8|           8|           8|
    |tmp2_fu_854_p2                    |     +    |      0|  0|   8|           8|           8|
    |tmp3_fu_868_p2                    |     +    |      0|  0|   8|           8|           8|
    |tmp4_fu_882_p2                    |     +    |      0|  0|   8|           8|           8|
    |tmp_48_fu_479_p2                  |     +    |      0|  0|  17|          10|          10|
    |ap_block_state3_pp0_stage0_iter1  |    and   |      0|  0|   2|           1|           1|
    |ap_block_state5_pp0_stage0_iter3  |    and   |      0|  0|   2|           1|           1|
    |qb_assign_1_1_fu_667_p2           |    and   |      0|  0|   2|           1|           1|
    |qb_assign_1_2_fu_743_p2           |    and   |      0|  0|   2|           1|           1|
    |qb_assign_1_3_fu_819_p2           |    and   |      0|  0|   2|           1|           1|
    |qb_assign_1_fu_591_p2             |    and   |      0|  0|   2|           1|           1|
    |tmp_46_mid_fu_413_p2              |    and   |      0|  0|   2|           1|           1|
    |exitcond_flatten4_fu_359_p2       |   icmp   |      0|  0|  18|          23|          24|
    |exitcond_flatten_fu_371_p2        |   icmp   |      0|  0|  13|          12|          11|
    |tmp_203_1_fu_661_p2               |   icmp   |      0|  0|  11|           6|           1|
    |tmp_203_2_fu_737_p2               |   icmp   |      0|  0|  11|           6|           1|
    |tmp_203_3_fu_813_p2               |   icmp   |      0|  0|  11|           6|           1|
    |tmp_355_fu_407_p2                 |   icmp   |      0|  0|  11|           7|           8|
    |tmp_55_fu_585_p2                  |   icmp   |      0|  0|  11|           6|           1|
    |tmp_68_fu_485_p2                  |   icmp   |      0|  0|  11|           7|           6|
    |ap_block_pp0_stage0_01001         |    or    |      0|  0|   2|           1|           1|
    |ap_block_state1                   |    or    |      0|  0|   2|           1|           1|
    |tmp_356_fu_425_p2                 |    or    |      0|  0|   2|           1|           1|
    |tmp_52_fu_561_p2                  |    or    |      0|  0|   2|           1|           1|
    |tmp_58_fu_637_p2                  |    or    |      0|  0|   2|           1|           1|
    |tmp_62_fu_713_p2                  |    or    |      0|  0|   2|           1|           1|
    |tmp_66_fu_789_p2                  |    or    |      0|  0|   2|           1|           1|
    |indvar_flatten_next_fu_503_p3     |  select  |      0|  0|  12|           1|           1|
    |nm_mid2_fu_467_p3                 |  select  |      0|  0|   5|           1|           5|
    |nm_mid_fu_377_p3                  |  select  |      0|  0|   5|           1|           1|
    |nm_t_mid2_fu_459_p3               |  select  |      0|  0|   4|           1|           4|
    |nm_t_mid_fu_393_p3                |  select  |      0|  0|   4|           1|           1|
    |sf_mid2_fu_431_p3                 |  select  |      0|  0|   7|           1|           1|
    |tmp_45_mid2_fu_451_p3             |  select  |      0|  0|  10|           1|          10|
    |tmp_45_mid_fu_385_p3              |  select  |      0|  0|  10|           1|           1|
    |ap_enable_pp0                     |    xor   |      0|  0|   2|           1|           2|
    |ap_enable_reg_pp0_iter1           |    xor   |      0|  0|   2|           2|           1|
    |not_exitcond_flatten_fu_401_p2    |    xor   |      0|  0|   2|           1|           2|
    +----------------------------------+----------+-------+---+----+------------+------------+
    |Total                             |          |      0|  0| 572|         258|         264|
    +----------------------------------+----------+-------+---+----+------------+------------+

    * Multiplexer: 
    +---------------------------+----+-----------+-----+-----------+
    |            Name           | LUT| Input Size| Bits| Total Bits|
    +---------------------------+----+-----------+-----+-----------+
    |ap_NS_fsm                  |  21|          4|    1|          4|
    |ap_done                    |   9|          2|    1|          2|
    |ap_enable_reg_pp0_iter1    |   9|          2|    1|          2|
    |ap_enable_reg_pp0_iter3    |   9|          2|    1|          2|
    |in_V_V_blk_n               |   9|          2|    1|          2|
    |indvar_flatten4_reg_283    |   9|          2|   23|         46|
    |indvar_flatten_reg_294     |   9|          2|   12|         24|
    |macRegisters_0_V_2_fu_202  |   9|          2|    8|         16|
    |macRegisters_1_V_2_fu_206  |   9|          2|    8|         16|
    |macRegisters_2_V_2_fu_210  |   9|          2|    8|         16|
    |macRegisters_3_V_2_fu_214  |   9|          2|    8|         16|
    |nm_reg_305                 |   9|          2|    5|         10|
    |out_V_V_blk_n              |   9|          2|    1|          2|
    |real_start                 |   9|          2|    1|          2|
    |sf_reg_316                 |   9|          2|    7|         14|
    +---------------------------+----+-----------+-----+-----------+
    |Total                      | 147|         32|   86|        174|
    +---------------------------+----+-----------+-----+-----------+

    * Register: 
    +----------------------------+----+----+-----+-----------+
    |            Name            | FF | LUT| Bits| Const Bits|
    +----------------------------+----+----+-----+-----------+
    |ap_CS_fsm                   |   3|   0|    3|          0|
    |ap_done_reg                 |   1|   0|    1|          0|
    |ap_enable_reg_pp0_iter0     |   1|   0|    1|          0|
    |ap_enable_reg_pp0_iter1     |   1|   0|    1|          0|
    |ap_enable_reg_pp0_iter2     |   1|   0|    1|          0|
    |ap_enable_reg_pp0_iter3     |   1|   0|    1|          0|
    |exitcond_flatten4_reg_1126  |   1|   0|    1|          0|
    |indvar_flatten4_reg_283     |  23|   0|   23|          0|
    |indvar_flatten_reg_294      |  12|   0|   12|          0|
    |macRegisters_0_V_2_fu_202   |   8|   0|    8|          0|
    |macRegisters_1_V_2_fu_206   |   8|   0|    8|          0|
    |macRegisters_2_V_2_fu_210   |   8|   0|    8|          0|
    |macRegisters_3_V_2_fu_214   |   8|   0|    8|          0|
    |nm_reg_305                  |   5|   0|    5|          0|
    |nm_t_mid2_reg_1135          |   4|   0|    4|          0|
    |p_Val2_75_1_reg_1202        |   8|   0|    8|          0|
    |p_Val2_75_2_reg_1212        |   8|   0|    8|          0|
    |p_Val2_75_3_reg_1222        |   8|   0|    8|          0|
    |p_Val2_s_140_reg_1192       |   8|   0|    8|          0|
    |qb_assign_1_1_reg_1207      |   1|   0|    1|          0|
    |qb_assign_1_2_reg_1217      |   1|   0|    1|          0|
    |qb_assign_1_3_reg_1227      |   1|   0|    1|          0|
    |qb_assign_1_reg_1197        |   1|   0|    1|          0|
    |sf_reg_316                  |   7|   0|    7|          0|
    |start_once_reg              |   1|   0|    1|          0|
    |tmp_48_reg_1148             |  10|   0|   10|          0|
    |tmp_68_reg_1153             |   1|   0|    1|          0|
    |tmp_V_reg_1167              |   8|   0|    8|          0|
    |exitcond_flatten4_reg_1126  |  64|  32|    1|          0|
    |nm_t_mid2_reg_1135          |  64|  32|    4|          0|
    |tmp_68_reg_1153             |  64|  32|    1|          0|
    +----------------------------+----+----+-----+-----------+
    |Total                       | 340|  96|  154|          0|
    +----------------------------+----+----+-----+-----------+



================================================================
== Interface
================================================================
* Summary: 
+----------------+-----+-----+------------+------------------+--------------+
|    RTL Ports   | Dir | Bits|  Protocol  |   Source Object  |    C Type    |
+----------------+-----+-----+------------+------------------+--------------+
|ap_clk          |  in |    1| ap_ctrl_hs | Conv1DMac_new411 | return value |
|ap_rst          |  in |    1| ap_ctrl_hs | Conv1DMac_new411 | return value |
|ap_start        |  in |    1| ap_ctrl_hs | Conv1DMac_new411 | return value |
|start_full_n    |  in |    1| ap_ctrl_hs | Conv1DMac_new411 | return value |
|ap_done         | out |    1| ap_ctrl_hs | Conv1DMac_new411 | return value |
|ap_continue     |  in |    1| ap_ctrl_hs | Conv1DMac_new411 | return value |
|ap_idle         | out |    1| ap_ctrl_hs | Conv1DMac_new411 | return value |
|ap_ready        | out |    1| ap_ctrl_hs | Conv1DMac_new411 | return value |
|start_out       | out |    1| ap_ctrl_hs | Conv1DMac_new411 | return value |
|start_write     | out |    1| ap_ctrl_hs | Conv1DMac_new411 | return value |
|in_V_V_dout     |  in |    8|   ap_fifo  |      in_V_V      |    pointer   |
|in_V_V_empty_n  |  in |    1|   ap_fifo  |      in_V_V      |    pointer   |
|in_V_V_read     | out |    1|   ap_fifo  |      in_V_V      |    pointer   |
|out_V_V_din     | out |   32|   ap_fifo  |      out_V_V     |    pointer   |
|out_V_V_full_n  |  in |    1|   ap_fifo  |      out_V_V     |    pointer   |
|out_V_V_write   | out |    1|   ap_fifo  |      out_V_V     |    pointer   |
+----------------+-----+-----+------------+------------------+--------------+

