

================================================================
== Vivado HLS Report for 'Conv1DMac_new'
================================================================
* Date:           Wed Apr 26 21:03:24 2023

* Version:        2018.2 (Build 2258646 on Thu Jun 14 20:25:20 MDT 2018)
* Project:        S1
* Solution:       solution1
* Product family: zynq
* Target device:  xc7z045ffg900-2


================================================================
== Performance Estimates
================================================================
+ Timing (ns): 
    * Summary: 
    +--------+-------+----------+------------+
    |  Clock | Target| Estimated| Uncertainty|
    +--------+-------+----------+------------+
    |ap_clk  |  10.00|     8.369|        1.25|
    +--------+-------+----------+------------+

+ Latency (clock cycles): 
    * Summary: 
    +---------+---------+---------+---------+---------+
    |      Latency      |      Interval     | Pipeline|
    |   min   |   max   |   min   |   max   |   Type  |
    +---------+---------+---------+---------+---------+
    |  4194308|  4194308|  4194308|  4194308|   none  |
    +---------+---------+---------+---------+---------+

    + Detail: 
        * Instance: 
        N/A

        * Loop: 
        +-----------------------------------------------------+---------+---------+----------+-----------+-----------+---------+----------+
        |                                                     |      Latency      | Iteration|  Initiation Interval  |   Trip  |          |
        |                      Loop Name                      |   min   |   max   |  Latency |  achieved |   target  |  Count  | Pipelined|
        +-----------------------------------------------------+---------+---------+----------+-----------+-----------+---------+----------+
        |- loop_ofmChannels_loop_neuronFold_loop_synapseFold  |  4194306|  4194306|         4|          1|          1|  4194304|    yes   |
        +-----------------------------------------------------+---------+---------+----------+-----------+-----------+---------+----------+



================================================================
== Utilization Estimates
================================================================
* Summary: 
+-----------------+---------+-------+--------+--------+
|       Name      | BRAM_18K| DSP48E|   FF   |   LUT  |
+-----------------+---------+-------+--------+--------+
|DSP              |        -|      -|       -|       -|
|Expression       |        -|      0|       0|     572|
|FIFO             |        -|      -|       -|       -|
|Instance         |        -|      -|       0|     260|
|Memory           |        4|      -|       0|       0|
|Multiplexer      |        -|      -|       -|     147|
|Register         |        0|      -|     340|      96|
+-----------------+---------+-------+--------+--------+
|Total            |        4|      0|     340|    1075|
+-----------------+---------+-------+--------+--------+
|Available        |     1090|    900|  437200|  218600|
+-----------------+---------+-------+--------+--------+
|Utilization (%)  |    ~0   |      0|   ~0   |   ~0   |
+-----------------+---------+-------+--------+--------+

+ Detail: 
    * Instance: 
    +------------------------------+--------------------------+---------+-------+---+----+
    |           Instance           |          Module          | BRAM_18K| DSP48E| FF| LUT|
    +------------------------------+--------------------------+---------+-------+---+----+
    |computeS1_mux_164DeQ_x_x_U84  |computeS1_mux_164DeQ_x_x  |        0|      0|  0|  65|
    |computeS1_mux_164DeQ_x_x_U85  |computeS1_mux_164DeQ_x_x  |        0|      0|  0|  65|
    |computeS1_mux_164DeQ_x_x_U86  |computeS1_mux_164DeQ_x_x  |        0|      0|  0|  65|
    |computeS1_mux_164DeQ_x_x_U87  |computeS1_mux_164DeQ_x_x  |        0|      0|  0|  65|
    +------------------------------+--------------------------+---------+-------+---+----+
    |Total                         |                          |        0|      0|  0| 260|
    +------------------------------+--------------------------+---------+-------+---+----+

    * DSP48: 
    N/A

    * Memory: 
    +--------------------------+----------------------+---------+---+----+------+-----+------+-------------+
    |          Memory          |        Module        | BRAM_18K| FF| LUT| Words| Bits| Banks| W*Bits*Banks|
    +--------------------------+----------------------+---------+---+----+------+-----+------+-------------+
    |weights3_m_weights_V_U    |Conv1DMac_new_weiKfY  |        1|  0|   0|  1024|    8|     1|         8192|
    |weights3_m_weights_V_1_U  |Conv1DMac_new_weiLf8  |        1|  0|   0|  1024|    8|     1|         8192|
    |weights3_m_weights_V_2_U  |Conv1DMac_new_weiMgi  |        1|  0|   0|  1024|    8|     1|         8192|
    |weights3_m_weights_V_3_U  |Conv1DMac_new_weiNgs  |        1|  0|   0|  1024|    8|     1|         8192|
    +--------------------------+----------------------+---------+---+----+------+-----+------+-------------+
    |Total                     |                      |        4|  0|   0|  4096|   32|     4|        32768|
    +--------------------------+----------------------+---------+---+----+------+-----+------+-------------+

    * FIFO: 
    N/A

    * Expression: 
    +----------------------------------+----------+-------+---+----+------------+------------+
    |           Variable Name          | Operation| DSP48E| FF| LUT| Bitwidth P0| Bitwidth P1|
    +----------------------------------+----------+-------+---+----+------------+------------+
    |p_Val2_1_fu_603_p2                |     *    |      0|  0|  41|           8|           8|
    |p_Val2_2_fu_679_p2                |     *    |      0|  0|  41|           8|           8|
    |p_Val2_3_fu_755_p2                |     *    |      0|  0|  41|           8|           8|
    |p_Val2_s_fu_527_p2                |     *    |      0|  0|  41|           8|           8|
    |indvar_flatten_next8_fu_367_p2    |     +    |      0|  0|  30|           1|          23|
    |indvar_flatten_op_fu_499_p2       |     +    |      0|  0|  19|          12|           1|
    |macRegisters_0_V_fu_848_p2        |     +    |      0|  0|   8|           8|           8|
    |macRegisters_1_V_fu_862_p2        |     +    |      0|  0|   8|           8|           8|
    |macRegisters_2_V_fu_876_p2        |     +    |      0|  0|   8|           8|           8|
    |macRegisters_3_V_fu_890_p2        |     +    |      0|  0|   8|           8|           8|
    |nm_1_fu_421_p2                    |     +    |      0|  0|  15|           1|           5|
    |p_Val2_20_1_fu_995_p2             |     +    |      0|  0|  15|           8|           8|
    |p_Val2_20_2_fu_1038_p2            |     +    |      0|  0|  15|           8|           8|
    |p_Val2_20_3_fu_1081_p2            |     +    |      0|  0|  15|           8|           8|
    |p_Val2_9_fu_952_p2                |     +    |      0|  0|  15|           8|           8|
    |sf_1_fu_493_p2                    |     +    |      0|  0|  15|           7|           1|
    |tmp1_fu_842_p2                    |     +    |      0|  0|   8|           8|           8|
    |tmp2_fu_856_p2                    |     +    |      0|  0|   8|           8|           8|
    |tmp3_fu_870_p2                    |     +    |      0|  0|   8|           8|           8|
    |tmp4_fu_884_p2                    |     +    |      0|  0|   8|           8|           8|
    |tmp_86_fu_481_p2                  |     +    |      0|  0|  17|          10|          10|
    |ap_block_state3_pp0_stage0_iter1  |    and   |      0|  0|   2|           1|           1|
    |ap_block_state5_pp0_stage0_iter3  |    and   |      0|  0|   2|           1|           1|
    |qb_assign_1_1_fu_669_p2           |    and   |      0|  0|   2|           1|           1|
    |qb_assign_1_2_fu_745_p2           |    and   |      0|  0|   2|           1|           1|
    |qb_assign_1_3_fu_821_p2           |    and   |      0|  0|   2|           1|           1|
    |qb_assign_1_fu_593_p2             |    and   |      0|  0|   2|           1|           1|
    |tmp_85_mid_fu_415_p2              |    and   |      0|  0|   2|           1|           1|
    |exitcond_flatten8_fu_361_p2       |   icmp   |      0|  0|  18|          23|          24|
    |exitcond_flatten_fu_373_p2        |   icmp   |      0|  0|  13|          12|          11|
    |tmp_104_fu_587_p2                 |   icmp   |      0|  0|  11|           6|           1|
    |tmp_203_1_fu_663_p2               |   icmp   |      0|  0|  11|           6|           1|
    |tmp_203_2_fu_739_p2               |   icmp   |      0|  0|  11|           6|           1|
    |tmp_203_3_fu_815_p2               |   icmp   |      0|  0|  11|           6|           1|
    |tmp_360_fu_409_p2                 |   icmp   |      0|  0|  11|           7|           8|
    |tmp_88_fu_487_p2                  |   icmp   |      0|  0|  11|           7|           6|
    |ap_block_pp0_stage0_01001         |    or    |      0|  0|   2|           1|           1|
    |ap_block_state1                   |    or    |      0|  0|   2|           1|           1|
    |tmp_101_fu_563_p2                 |    or    |      0|  0|   2|           1|           1|
    |tmp_107_fu_639_p2                 |    or    |      0|  0|   2|           1|           1|
    |tmp_111_fu_715_p2                 |    or    |      0|  0|   2|           1|           1|
    |tmp_115_fu_791_p2                 |    or    |      0|  0|   2|           1|           1|
    |tmp_361_fu_427_p2                 |    or    |      0|  0|   2|           1|           1|
    |indvar_flatten_next_fu_505_p3     |  select  |      0|  0|  12|           1|           1|
    |nm_mid2_fu_469_p3                 |  select  |      0|  0|   5|           1|           5|
    |nm_mid_fu_379_p3                  |  select  |      0|  0|   5|           1|           1|
    |nm_t_mid2_fu_461_p3               |  select  |      0|  0|   4|           1|           4|
    |nm_t_mid_fu_395_p3                |  select  |      0|  0|   4|           1|           1|
    |sf_mid2_fu_433_p3                 |  select  |      0|  0|   7|           1|           1|
    |tmp_84_mid2_fu_453_p3             |  select  |      0|  0|  10|           1|          10|
    |tmp_84_mid_fu_387_p3              |  select  |      0|  0|  10|           1|           1|
    |ap_enable_pp0                     |    xor   |      0|  0|   2|           1|           2|
    |ap_enable_reg_pp0_iter1           |    xor   |      0|  0|   2|           2|           1|
    |not_exitcond_flatten_fu_403_p2    |    xor   |      0|  0|   2|           1|           2|
    +----------------------------------+----------+-------+---+----+------------+------------+
    |Total                             |          |      0|  0| 572|         258|         264|
    +----------------------------------+----------+-------+---+----+------------+------------+

    * Multiplexer: 
    +---------------------------+----+-----------+-----+-----------+
    |            Name           | LUT| Input Size| Bits| Total Bits|
    +---------------------------+----+-----------+-----+-----------+
    |ap_NS_fsm                  |  21|          4|    1|          4|
    |ap_done                    |   9|          2|    1|          2|
    |ap_enable_reg_pp0_iter1    |   9|          2|    1|          2|
    |ap_enable_reg_pp0_iter3    |   9|          2|    1|          2|
    |in_V_V_blk_n               |   9|          2|    1|          2|
    |indvar_flatten8_reg_285    |   9|          2|   23|         46|
    |indvar_flatten_reg_296     |   9|          2|   12|         24|
    |macRegisters_0_V_6_fu_204  |   9|          2|    8|         16|
    |macRegisters_1_V_6_fu_208  |   9|          2|    8|         16|
    |macRegisters_2_V_6_fu_212  |   9|          2|    8|         16|
    |macRegisters_3_V_6_fu_216  |   9|          2|    8|         16|
    |nm_reg_307                 |   9|          2|    5|         10|
    |out_V_V_blk_n              |   9|          2|    1|          2|
    |real_start                 |   9|          2|    1|          2|
    |sf_reg_318                 |   9|          2|    7|         14|
    +---------------------------+----+-----------+-----+-----------+
    |Total                      | 147|         32|   86|        174|
    +---------------------------+----+-----------+-----+-----------+

    * Register: 
    +----------------------------+----+----+-----+-----------+
    |            Name            | FF | LUT| Bits| Const Bits|
    +----------------------------+----+----+-----+-----------+
    |ap_CS_fsm                   |   3|   0|    3|          0|
    |ap_done_reg                 |   1|   0|    1|          0|
    |ap_enable_reg_pp0_iter0     |   1|   0|    1|          0|
    |ap_enable_reg_pp0_iter1     |   1|   0|    1|          0|
    |ap_enable_reg_pp0_iter2     |   1|   0|    1|          0|
    |ap_enable_reg_pp0_iter3     |   1|   0|    1|          0|
    |exitcond_flatten8_reg_1128  |   1|   0|    1|          0|
    |indvar_flatten8_reg_285     |  23|   0|   23|          0|
    |indvar_flatten_reg_296      |  12|   0|   12|          0|
    |macRegisters_0_V_6_fu_204   |   8|   0|    8|          0|
    |macRegisters_1_V_6_fu_208   |   8|   0|    8|          0|
    |macRegisters_2_V_6_fu_212   |   8|   0|    8|          0|
    |macRegisters_3_V_6_fu_216   |   8|   0|    8|          0|
    |nm_reg_307                  |   5|   0|    5|          0|
    |nm_t_mid2_reg_1137          |   4|   0|    4|          0|
    |p_Val2_75_1_reg_1204        |   8|   0|    8|          0|
    |p_Val2_75_2_reg_1214        |   8|   0|    8|          0|
    |p_Val2_75_3_reg_1224        |   8|   0|    8|          0|
    |p_Val2_s_143_reg_1194       |   8|   0|    8|          0|
    |qb_assign_1_1_reg_1209      |   1|   0|    1|          0|
    |qb_assign_1_2_reg_1219      |   1|   0|    1|          0|
    |qb_assign_1_3_reg_1229      |   1|   0|    1|          0|
    |qb_assign_1_reg_1199        |   1|   0|    1|          0|
    |sf_reg_318                  |   7|   0|    7|          0|
    |start_once_reg              |   1|   0|    1|          0|
    |tmp_86_reg_1150             |  10|   0|   10|          0|
    |tmp_88_reg_1155             |   1|   0|    1|          0|
    |tmp_V_reg_1169              |   8|   0|    8|          0|
    |exitcond_flatten8_reg_1128  |  64|  32|    1|          0|
    |nm_t_mid2_reg_1137          |  64|  32|    4|          0|
    |tmp_88_reg_1155             |  64|  32|    1|          0|
    +----------------------------+----+----+-----+-----------+
    |Total                       | 340|  96|  154|          0|
    +----------------------------+----+----+-----+-----------+



================================================================
== Interface
================================================================
* Summary: 
+----------------+-----+-----+------------+---------------+--------------+
|    RTL Ports   | Dir | Bits|  Protocol  | Source Object |    C Type    |
+----------------+-----+-----+------------+---------------+--------------+
|ap_clk          |  in |    1| ap_ctrl_hs | Conv1DMac_new | return value |
|ap_rst          |  in |    1| ap_ctrl_hs | Conv1DMac_new | return value |
|ap_start        |  in |    1| ap_ctrl_hs | Conv1DMac_new | return value |
|start_full_n    |  in |    1| ap_ctrl_hs | Conv1DMac_new | return value |
|ap_done         | out |    1| ap_ctrl_hs | Conv1DMac_new | return value |
|ap_continue     |  in |    1| ap_ctrl_hs | Conv1DMac_new | return value |
|ap_idle         | out |    1| ap_ctrl_hs | Conv1DMac_new | return value |
|ap_ready        | out |    1| ap_ctrl_hs | Conv1DMac_new | return value |
|start_out       | out |    1| ap_ctrl_hs | Conv1DMac_new | return value |
|start_write     | out |    1| ap_ctrl_hs | Conv1DMac_new | return value |
|in_V_V_dout     |  in |    8|   ap_fifo  |     in_V_V    |    pointer   |
|in_V_V_empty_n  |  in |    1|   ap_fifo  |     in_V_V    |    pointer   |
|in_V_V_read     | out |    1|   ap_fifo  |     in_V_V    |    pointer   |
|out_V_V_din     | out |   32|   ap_fifo  |    out_V_V    |    pointer   |
|out_V_V_full_n  |  in |    1|   ap_fifo  |    out_V_V    |    pointer   |
|out_V_V_write   | out |    1|   ap_fifo  |    out_V_V    |    pointer   |
+----------------+-----+-----+------------+---------------+--------------+

