

================================================================
== Vivado HLS Report for 'get_random'
================================================================
* Date:           Wed Apr 26 21:03:16 2023

* Version:        2018.2 (Build 2258646 on Thu Jun 14 20:25:20 MDT 2018)
* Project:        S1
* Solution:       solution1
* Product family: zynq
* Target device:  xc7z045ffg900-2


================================================================
== Performance Estimates
================================================================
+ Timing (ns): 
    * Summary: 
    +--------+-------+----------+------------+
    |  Clock | Target| Estimated| Uncertainty|
    +--------+-------+----------+------------+
    |ap_clk  |  10.00|     0.808|        1.25|
    +--------+-------+----------+------------+

+ Latency (clock cycles): 
    * Summary: 
    +-----+-----+-----+-----+---------+
    |  Latency  |  Interval | Pipeline|
    | min | max | min | max |   Type  |
    +-----+-----+-----+-----+---------+
    |    0|    0|    0|    0|   none  |
    +-----+-----+-----+-----+---------+

    + Detail: 
        * Instance: 
        N/A

        * Loop: 
        N/A



================================================================
== Utilization Estimates
================================================================
* Summary: 
+-----------------+---------+-------+--------+--------+
|       Name      | BRAM_18K| DSP48E|   FF   |   LUT  |
+-----------------+---------+-------+--------+--------+
|DSP              |        -|      -|       -|       -|
|Expression       |        -|      -|       0|     128|
|FIFO             |        -|      -|       -|       -|
|Instance         |        -|      -|       -|       -|
|Memory           |        -|      -|       -|       -|
|Multiplexer      |        -|      -|       -|       -|
|Register         |        -|      -|       -|       -|
+-----------------+---------+-------+--------+--------+
|Total            |        0|      0|       0|     128|
+-----------------+---------+-------+--------+--------+
|Available        |     1090|    900|  437200|  218600|
+-----------------+---------+-------+--------+--------+
|Utilization (%)  |        0|      0|       0|   ~0   |
+-----------------+---------+-------+--------+--------+

+ Detail: 
    * Instance: 
    N/A

    * DSP48: 
    N/A

    * Memory: 
    N/A

    * FIFO: 
    N/A

    * Expression: 
    +--------------------------------+----------+-------+---+----+------------+------------+
    |          Variable Name         | Operation| DSP48E| FF| LUT| Bitwidth P0| Bitwidth P1|
    +--------------------------------+----------+-------+---+----+------------+------------+
    |p_cast2_cast_fu_74_p3           |  select  |      0|  0|   8|           1|           8|
    |p_cast_cast_fu_124_p3           |  select  |      0|  0|   7|           1|           7|
    |tmp_2_i4_cast_cast_c_fu_106_p3  |  select  |      0|  0|   7|           1|           7|
    |tmp_2_i_cast_cast_ca_fu_56_p3   |  select  |      0|  0|   8|           1|           8|
    |lfsr31_val_fu_132_p2            |    xor   |      0|  0|  31|          31|          31|
    |lfsr32_val_fu_82_p2             |    xor   |      0|  0|  31|          31|          31|
    |tmp1_fu_148_p2                  |    xor   |      0|  0|  12|          12|          12|
    |tmp_cast_fu_154_p2              |    xor   |      0|  0|  12|          12|          12|
    |tmp_fu_142_p2                   |    xor   |      0|  0|  12|          12|          12|
    +--------------------------------+----------+-------+---+----+------------+------------+
    |Total                           |          |      0|  0| 128|         102|         128|
    +--------------------------------+----------+-------+---+----+------------+------------+

    * Multiplexer: 
    N/A

    * Register: 
    N/A



================================================================
== Interface
================================================================
* Summary: 
+-------------+-----+-----+------------+--------------+--------------+
|  RTL Ports  | Dir | Bits|  Protocol  | Source Object|    C Type    |
+-------------+-----+-----+------------+--------------+--------------+
|ap_ready     | out |    1| ap_ctrl_hs |  get_random  | return value |
|ap_return_0  | out |   32| ap_ctrl_hs |  get_random  | return value |
|ap_return_1  | out |   32| ap_ctrl_hs |  get_random  | return value |
|ap_return_2  | out |   32| ap_ctrl_hs |  get_random  | return value |
|lfsr31_read  |  in |   32|   ap_none  |  lfsr31_read |    scalar    |
|lfsr32_read  |  in |   32|   ap_none  |  lfsr32_read |    scalar    |
+-------------+-----+-----+------------+--------------+--------------+

