

================================================================
== Vivado HLS Report for 'Conv1DMac_new397'
================================================================
* Date:           Wed Apr 26 23:41:36 2023

* Version:        2018.2 (Build 2258646 on Thu Jun 14 20:25:20 MDT 2018)
* Project:        S3
* Solution:       solution1
* Product family: zynq
* Target device:  xc7z045ffg900-2


================================================================
== Performance Estimates
================================================================
+ Timing (ns): 
    * Summary: 
    +--------+-------+----------+------------+
    |  Clock | Target| Estimated| Uncertainty|
    +--------+-------+----------+------------+
    |ap_clk  |  10.00|     7.629|        1.25|
    +--------+-------+----------+------------+

+ Latency (clock cycles): 
    * Summary: 
    +----------+----------+----------+----------+---------+
    |       Latency       |       Interval      | Pipeline|
    |    min   |    max   |    min   |    max   |   Type  |
    +----------+----------+----------+----------+---------+
    |  16777221|  16777221|  16777221|  16777221|   none  |
    +----------+----------+----------+----------+---------+

    + Detail: 
        * Instance: 
        N/A

        * Loop: 
        +-----------------------------------------------------+----------+----------+----------+-----------+-----------+----------+----------+
        |                                                     |       Latency       | Iteration|  Initiation Interval  |   Trip   |          |
        |                      Loop Name                      |    min   |    max   |  Latency |  achieved |   target  |   Count  | Pipelined|
        +-----------------------------------------------------+----------+----------+----------+-----------+-----------+----------+----------+
        |- loop_ofmChannels_loop_neuronFold_loop_synapseFold  |  16777219|  16777219|         5|          1|          1|  16777216|    yes   |
        +-----------------------------------------------------+----------+----------+----------+-----------+-----------+----------+----------+

============================================================
+ Verbose Summary: Synthesis Manager
============================================================
InlineROM: 1
ExposeGlobal: 0
============================================================
+ Verbose Summary: CDFG Model
============================================================
IsTopModel: 0
ResetActiveHigh: 1
IsCombinational: 2
IsDatapathOnly: 0
HasWiredReturn: 1
HasMFsm: 0
HasVarLatency: 1
IsPipeline: 0
IsRtlPipelined: 0
IsInstanceOverlapped: 0
IsDontTouch: 0
HasImplIP: 0
IsGatedGlobalClock: 0

+ Individual pipeline summary: 
  * Pipeline-0: initiation interval (II) = 1, depth = 5


============================================================
+ Verbose Summary: Schedule
============================================================
* Number of FSM states : 7
* Pipeline : 1
  Pipeline-0 : II = 1, D = 5, States = { 2 3 4 5 6 }
* Dataflow Pipeline: 0

* FSM state transitions: 
1 --> 
	2  / true
2 --> 
	7  / (exitcond_flatten)
	3  / (!exitcond_flatten)
3 --> 
	4  / true
4 --> 
	5  / true
5 --> 
	6  / true
6 --> 
	2  / true
7 --> 

* FSM state operations: 

State 1 <SV = 0> <Delay = 1.30>
ST_1 : Operation 8 [1/1] (0.00ns)   --->   "%macRegisters_0_V_7 = alloca i8"   --->   Operation 8 'alloca' 'macRegisters_0_V_7' <Predicate = true> <Delay = 0.00>
ST_1 : Operation 9 [1/1] (0.00ns)   --->   "%macRegisters_1_V_7 = alloca i8"   --->   Operation 9 'alloca' 'macRegisters_1_V_7' <Predicate = true> <Delay = 0.00>
ST_1 : Operation 10 [1/1] (0.00ns)   --->   "%macRegisters_2_V_7 = alloca i8"   --->   Operation 10 'alloca' 'macRegisters_2_V_7' <Predicate = true> <Delay = 0.00>
ST_1 : Operation 11 [1/1] (0.00ns)   --->   "%macRegisters_3_V_7 = alloca i8"   --->   Operation 11 'alloca' 'macRegisters_3_V_7' <Predicate = true> <Delay = 0.00>
ST_1 : Operation 12 [1/1] (0.00ns)   --->   "call void (...)* @_ssdm_op_SpecInterface(i32* %out_V_V, [8 x i8]* @ap_fifo_str, i32 0, i32 0, [1 x i8]* @p_str497, i32 0, i32 0, [1 x i8]* @p_str498, [1 x i8]* @p_str499, [1 x i8]* @p_str500, i32 2, i32 2, i32 16, i32 16, [1 x i8]* @p_str501, [1 x i8]* @p_str502)"   --->   Operation 12 'specinterface' <Predicate = true> <Delay = 0.00>
ST_1 : Operation 13 [1/1] (0.00ns)   --->   "call void (...)* @_ssdm_op_SpecInterface(i8* %in_V_V, [8 x i8]* @ap_fifo_str, i32 0, i32 0, [1 x i8]* @p_str490, i32 0, i32 0, [1 x i8]* @p_str491, [1 x i8]* @p_str492, [1 x i8]* @p_str493, i32 2, i32 2, i32 16, i32 16, [1 x i8]* @p_str494, [1 x i8]* @p_str495)"   --->   Operation 13 'specinterface' <Predicate = true> <Delay = 0.00>
ST_1 : Operation 14 [1/1] (1.30ns)   --->   "store i8 0, i8* %macRegisters_3_V_7"   --->   Operation 14 'store' <Predicate = true> <Delay = 1.30>
ST_1 : Operation 15 [1/1] (1.30ns)   --->   "store i8 0, i8* %macRegisters_2_V_7"   --->   Operation 15 'store' <Predicate = true> <Delay = 1.30>
ST_1 : Operation 16 [1/1] (1.30ns)   --->   "store i8 0, i8* %macRegisters_1_V_7"   --->   Operation 16 'store' <Predicate = true> <Delay = 1.30>
ST_1 : Operation 17 [1/1] (1.30ns)   --->   "store i8 0, i8* %macRegisters_0_V_7"   --->   Operation 17 'store' <Predicate = true> <Delay = 1.30>
ST_1 : Operation 18 [1/1] (1.30ns)   --->   "br label %0" [S3/conv1d.h:791]   --->   Operation 18 'br' <Predicate = true> <Delay = 1.30>

State 2 <SV = 1> <Delay = 6.11>
ST_2 : Operation 19 [1/1] (0.00ns)   --->   "%indvar_flatten2 = phi i25 [ 0, %.preheader177.preheader ], [ %indvar_flatten_next1, %._crit_edge ]"   --->   Operation 19 'phi' 'indvar_flatten2' <Predicate = true> <Delay = 0.00>
ST_2 : Operation 20 [1/1] (0.00ns)   --->   "%indvar_flatten = phi i16 [ 0, %.preheader177.preheader ], [ %indvar_flatten_next, %._crit_edge ]"   --->   Operation 20 'phi' 'indvar_flatten' <Predicate = true> <Delay = 0.00>
ST_2 : Operation 21 [1/1] (0.00ns)   --->   "%nm = phi i7 [ 0, %.preheader177.preheader ], [ %nm_mid2, %._crit_edge ]" [S3/conv1d.h:793]   --->   Operation 21 'phi' 'nm' <Predicate = true> <Delay = 0.00>
ST_2 : Operation 22 [1/1] (0.00ns)   --->   "%sf = phi i9 [ 0, %.preheader177.preheader ], [ %sf_2, %._crit_edge ]"   --->   Operation 22 'phi' 'sf' <Predicate = true> <Delay = 0.00>
ST_2 : Operation 23 [1/1] (0.00ns)   --->   "%tmp = trunc i7 %nm to i6" [S3/conv1d.h:793]   --->   Operation 23 'trunc' 'tmp' <Predicate = true> <Delay = 0.00>
ST_2 : Operation 24 [1/1] (0.00ns)   --->   "%tmp_s = call i14 @_ssdm_op_BitConcatenate.i14.i6.i8(i6 %tmp, i8 0)" [S3/conv1d.h:817]   --->   Operation 24 'bitconcatenate' 'tmp_s' <Predicate = true> <Delay = 0.00>
ST_2 : Operation 25 [1/1] (2.05ns)   --->   "%exitcond_flatten = icmp eq i25 %indvar_flatten2, -16777216"   --->   Operation 25 'icmp' 'exitcond_flatten' <Predicate = true> <Delay = 2.05> <Core = "Cmp">   --->   Core 25 'Cmp' <Latency = 0> <II = 1> <Delay = 1.36> <FuncUnit> <Opcode : 'icmp'> <InPorts = 2> <OutPorts = 1>
ST_2 : Operation 26 [1/1] (2.01ns)   --->   "%indvar_flatten_next1 = add i25 1, %indvar_flatten2"   --->   Operation 26 'add' 'indvar_flatten_next1' <Predicate = true> <Delay = 2.01> <Core = "AddSub">   --->   Core 14 'AddSub' <Latency = 0> <II = 1> <Delay = 1.72> <FuncUnit> <Opcode : 'add' 'sub'> <InPorts = 2> <OutPorts = 1>
ST_2 : Operation 27 [1/1] (0.00ns)   --->   "br i1 %exitcond_flatten, label %1, label %.preheader177"   --->   Operation 27 'br' <Predicate = true> <Delay = 0.00>
ST_2 : Operation 28 [1/1] (1.93ns)   --->   "%exitcond_flatten2 = icmp eq i16 %indvar_flatten, 16384"   --->   Operation 28 'icmp' 'exitcond_flatten2' <Predicate = (!exitcond_flatten)> <Delay = 1.93> <Core = "Cmp">   --->   Core 25 'Cmp' <Latency = 0> <II = 1> <Delay = 1.36> <FuncUnit> <Opcode : 'icmp'> <InPorts = 2> <OutPorts = 1>
ST_2 : Operation 29 [1/1] (0.80ns)   --->   "%nm_mid = select i1 %exitcond_flatten2, i7 0, i7 %nm" [S3/conv1d.h:793]   --->   Operation 29 'select' 'nm_mid' <Predicate = (!exitcond_flatten)> <Delay = 0.80> <Core = "Sel">   --->   Core 26 'Sel' <Latency = 0> <II = 1> <Delay = 0.62> <FuncUnit> <Opcode : 'select'> <InPorts = 3> <OutPorts = 1>
ST_2 : Operation 30 [1/1] (0.00ns) (grouped into LUT with out node tmp_206)   --->   "%tmp_234_mid = select i1 %exitcond_flatten2, i14 0, i14 %tmp_s" [S3/conv1d.h:817]   --->   Operation 30 'select' 'tmp_234_mid' <Predicate = (!exitcond_flatten)> <Delay = 0.00> <Core = "Sel">   --->   Core 26 'Sel' <Latency = 0> <II = 1> <Delay = 0.62> <FuncUnit> <Opcode : 'select'> <InPorts = 3> <OutPorts = 1>
ST_2 : Operation 31 [1/1] (0.00ns) (grouped into LUT with out node nm_t_mid2)   --->   "%nm_t_mid = select i1 %exitcond_flatten2, i6 0, i6 %tmp" [S3/conv1d.h:793]   --->   Operation 31 'select' 'nm_t_mid' <Predicate = (!exitcond_flatten)> <Delay = 0.00> <Core = "Sel">   --->   Core 26 'Sel' <Latency = 0> <II = 1> <Delay = 0.62> <FuncUnit> <Opcode : 'select'> <InPorts = 3> <OutPorts = 1>
ST_2 : Operation 32 [1/1] (0.00ns) (grouped into LUT with out node tmp_235_mid)   --->   "%not_exitcond_flatten = xor i1 %exitcond_flatten2, true" [S3/conv1d.h:793]   --->   Operation 32 'xor' 'not_exitcond_flatten' <Predicate = (!exitcond_flatten)> <Delay = 0.00> <Core = "LogicGate">   --->   Core 27 'LogicGate' <Latency = 0> <II = 1> <Delay = 0.80> <FuncUnit> <Opcode : 'and' 'or' 'xor'> <InPorts = 2> <OutPorts = 1>
ST_2 : Operation 33 [1/1] (1.36ns)   --->   "%tmp_887 = icmp eq i9 %sf, -256" [S3/conv1d.h:793]   --->   Operation 33 'icmp' 'tmp_887' <Predicate = (!exitcond_flatten)> <Delay = 1.36> <Core = "Cmp">   --->   Core 25 'Cmp' <Latency = 0> <II = 1> <Delay = 1.36> <FuncUnit> <Opcode : 'icmp'> <InPorts = 2> <OutPorts = 1>
ST_2 : Operation 34 [1/1] (0.80ns) (out node of the LUT)   --->   "%tmp_235_mid = and i1 %tmp_887, %not_exitcond_flatten" [S3/conv1d.h:793]   --->   Operation 34 'and' 'tmp_235_mid' <Predicate = (!exitcond_flatten)> <Delay = 0.80> <Core = "LogicGate">   --->   Core 27 'LogicGate' <Latency = 0> <II = 1> <Delay = 0.80> <FuncUnit> <Opcode : 'and' 'or' 'xor'> <InPorts = 2> <OutPorts = 1>
ST_2 : Operation 35 [1/1] (1.65ns)   --->   "%nm_2 = add i7 1, %nm_mid" [S3/conv1d.h:792]   --->   Operation 35 'add' 'nm_2' <Predicate = (!exitcond_flatten)> <Delay = 1.65> <Core = "AddSub">   --->   Core 14 'AddSub' <Latency = 0> <II = 1> <Delay = 1.72> <FuncUnit> <Opcode : 'add' 'sub'> <InPorts = 2> <OutPorts = 1>
ST_2 : Operation 36 [1/1] (0.00ns) (grouped into LUT with out node sf_mid2)   --->   "%tmp_863 = or i1 %tmp_235_mid, %exitcond_flatten2" [S3/conv1d.h:793]   --->   Operation 36 'or' 'tmp_863' <Predicate = (!exitcond_flatten)> <Delay = 0.00> <Core = "LogicGate">   --->   Core 27 'LogicGate' <Latency = 0> <II = 1> <Delay = 0.80> <FuncUnit> <Opcode : 'and' 'or' 'xor'> <InPorts = 2> <OutPorts = 1>
ST_2 : Operation 37 [1/1] (0.80ns) (out node of the LUT)   --->   "%sf_mid2 = select i1 %tmp_863, i9 0, i9 %sf" [S3/conv1d.h:793]   --->   Operation 37 'select' 'sf_mid2' <Predicate = (!exitcond_flatten)> <Delay = 0.80> <Core = "Sel">   --->   Core 26 'Sel' <Latency = 0> <II = 1> <Delay = 0.62> <FuncUnit> <Opcode : 'select'> <InPorts = 3> <OutPorts = 1>
ST_2 : Operation 38 [1/1] (0.00ns)   --->   "%tmp_992 = trunc i7 %nm_2 to i6" [S3/conv1d.h:792]   --->   Operation 38 'trunc' 'tmp_992' <Predicate = (!exitcond_flatten)> <Delay = 0.00>
ST_2 : Operation 39 [1/1] (0.00ns) (grouped into LUT with out node tmp_206)   --->   "%tmp_234_mid1 = call i14 @_ssdm_op_BitConcatenate.i14.i6.i8(i6 %tmp_992, i8 0)" [S3/conv1d.h:817]   --->   Operation 39 'bitconcatenate' 'tmp_234_mid1' <Predicate = (!exitcond_flatten)> <Delay = 0.00>
ST_2 : Operation 40 [1/1] (0.00ns) (grouped into LUT with out node tmp_206)   --->   "%tmp_234_mid2 = select i1 %tmp_235_mid, i14 %tmp_234_mid1, i14 %tmp_234_mid" [S3/conv1d.h:817]   --->   Operation 40 'select' 'tmp_234_mid2' <Predicate = (!exitcond_flatten)> <Delay = 0.00> <Core = "Sel">   --->   Core 26 'Sel' <Latency = 0> <II = 1> <Delay = 0.62> <FuncUnit> <Opcode : 'select'> <InPorts = 3> <OutPorts = 1>
ST_2 : Operation 41 [1/1] (0.97ns) (out node of the LUT)   --->   "%nm_t_mid2 = select i1 %tmp_235_mid, i6 %tmp_992, i6 %nm_t_mid" [S3/conv1d.h:793]   --->   Operation 41 'select' 'nm_t_mid2' <Predicate = (!exitcond_flatten)> <Delay = 0.97> <Core = "Sel">   --->   Core 26 'Sel' <Latency = 0> <II = 1> <Delay = 0.62> <FuncUnit> <Opcode : 'select'> <InPorts = 3> <OutPorts = 1>
ST_2 : Operation 42 [1/1] (0.80ns)   --->   "%nm_mid2 = select i1 %tmp_235_mid, i7 %nm_2, i7 %nm_mid" [S3/conv1d.h:793]   --->   Operation 42 'select' 'nm_mid2' <Predicate = (!exitcond_flatten)> <Delay = 0.80> <Core = "Sel">   --->   Core 26 'Sel' <Latency = 0> <II = 1> <Delay = 0.62> <FuncUnit> <Opcode : 'select'> <InPorts = 3> <OutPorts = 1>
ST_2 : Operation 43 [1/1] (0.00ns) (grouped into LUT with out node tmp_206)   --->   "%sf_cast1 = zext i9 %sf_mid2 to i14" [S3/conv1d.h:793]   --->   Operation 43 'zext' 'sf_cast1' <Predicate = (!exitcond_flatten)> <Delay = 0.00>
ST_2 : Operation 44 [1/1] (1.71ns) (out node of the LUT)   --->   "%tmp_206 = add i14 %tmp_234_mid2, %sf_cast1" [S3/conv1d.h:817]   --->   Operation 44 'add' 'tmp_206' <Predicate = (!exitcond_flatten)> <Delay = 1.71> <Core = "AddSub">   --->   Core 14 'AddSub' <Latency = 0> <II = 1> <Delay = 1.72> <FuncUnit> <Opcode : 'add' 'sub'> <InPorts = 2> <OutPorts = 1>
ST_2 : Operation 45 [1/1] (1.36ns)   --->   "%tmp_226 = icmp eq i9 %sf_mid2, 255" [S3/conv1d.h:847]   --->   Operation 45 'icmp' 'tmp_226' <Predicate = (!exitcond_flatten)> <Delay = 1.36> <Core = "Cmp">   --->   Core 25 'Cmp' <Latency = 0> <II = 1> <Delay = 1.36> <FuncUnit> <Opcode : 'icmp'> <InPorts = 2> <OutPorts = 1>
ST_2 : Operation 46 [1/1] (0.00ns)   --->   "br i1 %tmp_226, label %.preheader.0, label %.preheader177.._crit_edge_crit_edge" [S3/conv1d.h:847]   --->   Operation 46 'br' <Predicate = (!exitcond_flatten)> <Delay = 0.00>
ST_2 : Operation 47 [1/1] (1.70ns)   --->   "%sf_2 = add i9 %sf_mid2, 1" [S3/conv1d.h:793]   --->   Operation 47 'add' 'sf_2' <Predicate = (!exitcond_flatten)> <Delay = 1.70> <Core = "AddSub">   --->   Core 14 'AddSub' <Latency = 0> <II = 1> <Delay = 1.72> <FuncUnit> <Opcode : 'add' 'sub'> <InPorts = 2> <OutPorts = 1>
ST_2 : Operation 48 [1/1] (1.72ns)   --->   "%indvar_flatten_op = add i16 %indvar_flatten, 1"   --->   Operation 48 'add' 'indvar_flatten_op' <Predicate = (!exitcond_flatten)> <Delay = 1.72> <Core = "AddSub">   --->   Core 14 'AddSub' <Latency = 0> <II = 1> <Delay = 1.72> <FuncUnit> <Opcode : 'add' 'sub'> <InPorts = 2> <OutPorts = 1>
ST_2 : Operation 49 [1/1] (0.62ns)   --->   "%indvar_flatten_next = select i1 %exitcond_flatten2, i16 1, i16 %indvar_flatten_op"   --->   Operation 49 'select' 'indvar_flatten_next' <Predicate = (!exitcond_flatten)> <Delay = 0.62> <Core = "Sel">   --->   Core 26 'Sel' <Latency = 0> <II = 1> <Delay = 0.62> <FuncUnit> <Opcode : 'select'> <InPorts = 3> <OutPorts = 1>

State 3 <SV = 2> <Delay = 2.77>
ST_3 : Operation 50 [1/1] (0.00ns)   --->   "%tmp_207 = zext i14 %tmp_206 to i64" [S3/conv1d.h:817]   --->   Operation 50 'zext' 'tmp_207' <Predicate = (!exitcond_flatten)> <Delay = 0.00>
ST_3 : Operation 51 [1/1] (0.00ns)   --->   "%weights11_m_weights_4 = getelementptr [16384 x i5]* @weights11_m_weights_3, i64 0, i64 %tmp_207" [S3/conv1d.h:817]   --->   Operation 51 'getelementptr' 'weights11_m_weights_4' <Predicate = (!exitcond_flatten)> <Delay = 0.00>
ST_3 : Operation 52 [2/2] (2.77ns)   --->   "%weights11_m_weights_5 = load i5* %weights11_m_weights_4, align 1" [S3/conv1d.h:817]   --->   Operation 52 'load' 'weights11_m_weights_5' <Predicate = (!exitcond_flatten)> <Delay = 2.77> <Core = "ROM_nP">   --->   Core 48 'ROM_nP' <Latency = 1> <II = 1> <Delay = 2.77> <Storage> <Opcode : 'load'> <Ports = 0> <Width = 5> <Depth = 16384> <ROM>
ST_3 : Operation 53 [1/1] (0.00ns)   --->   "%weights11_m_weights_6 = getelementptr [16384 x i5]* @weights11_m_weights_2, i64 0, i64 %tmp_207" [S3/conv1d.h:817]   --->   Operation 53 'getelementptr' 'weights11_m_weights_6' <Predicate = (!exitcond_flatten)> <Delay = 0.00>
ST_3 : Operation 54 [2/2] (2.77ns)   --->   "%weights11_m_weights_7 = load i5* %weights11_m_weights_6, align 1" [S3/conv1d.h:817]   --->   Operation 54 'load' 'weights11_m_weights_7' <Predicate = (!exitcond_flatten)> <Delay = 2.77> <Core = "ROM_nP">   --->   Core 48 'ROM_nP' <Latency = 1> <II = 1> <Delay = 2.77> <Storage> <Opcode : 'load'> <Ports = 0> <Width = 5> <Depth = 16384> <ROM>
ST_3 : Operation 55 [1/1] (0.00ns)   --->   "%weights11_m_weights_8 = getelementptr [16384 x i5]* @weights11_m_weights_1, i64 0, i64 %tmp_207" [S3/conv1d.h:817]   --->   Operation 55 'getelementptr' 'weights11_m_weights_8' <Predicate = (!exitcond_flatten)> <Delay = 0.00>
ST_3 : Operation 56 [2/2] (2.77ns)   --->   "%weights11_m_weights_9 = load i5* %weights11_m_weights_8, align 1" [S3/conv1d.h:817]   --->   Operation 56 'load' 'weights11_m_weights_9' <Predicate = (!exitcond_flatten)> <Delay = 2.77> <Core = "ROM_nP">   --->   Core 48 'ROM_nP' <Latency = 1> <II = 1> <Delay = 2.77> <Storage> <Opcode : 'load'> <Ports = 0> <Width = 5> <Depth = 16384> <ROM>
ST_3 : Operation 57 [1/1] (0.00ns)   --->   "%weights11_m_weights_10 = getelementptr [16384 x i5]* @weights11_m_weights_s, i64 0, i64 %tmp_207" [S3/conv1d.h:817]   --->   Operation 57 'getelementptr' 'weights11_m_weights_10' <Predicate = (!exitcond_flatten)> <Delay = 0.00>
ST_3 : Operation 58 [2/2] (2.77ns)   --->   "%weights11_m_weights_11 = load i5* %weights11_m_weights_10, align 1" [S3/conv1d.h:817]   --->   Operation 58 'load' 'weights11_m_weights_11' <Predicate = (!exitcond_flatten)> <Delay = 2.77> <Core = "ROM_nP">   --->   Core 48 'ROM_nP' <Latency = 1> <II = 1> <Delay = 2.77> <Storage> <Opcode : 'load'> <Ports = 0> <Width = 5> <Depth = 16384> <ROM>

State 4 <SV = 3> <Delay = 3.40>
ST_4 : Operation 59 [1/1] (3.40ns)   --->   "%tmp_V = call i8 @_ssdm_op_Read.ap_fifo.volatile.i8P(i8* %in_V_V)" [S3/conv1d.h:796]   --->   Operation 59 'read' 'tmp_V' <Predicate = (!exitcond_flatten)> <Delay = 3.40> <Core = "FIFO">   --->   Core 32 'FIFO' <Latency = 0> <II = 1> <Delay = 3.40> <Storage> <Opcode : 'read' 'write' 'nbread' 'nbwrite'> <Ports = 0> <Width = 32> <Depth = 2> <FIFO>
ST_4 : Operation 60 [1/2] (2.77ns)   --->   "%weights11_m_weights_5 = load i5* %weights11_m_weights_4, align 1" [S3/conv1d.h:817]   --->   Operation 60 'load' 'weights11_m_weights_5' <Predicate = (!exitcond_flatten)> <Delay = 2.77> <Core = "ROM_nP">   --->   Core 48 'ROM_nP' <Latency = 1> <II = 1> <Delay = 2.77> <Storage> <Opcode : 'load'> <Ports = 0> <Width = 5> <Depth = 16384> <ROM>
ST_4 : Operation 61 [1/2] (2.77ns)   --->   "%weights11_m_weights_7 = load i5* %weights11_m_weights_6, align 1" [S3/conv1d.h:817]   --->   Operation 61 'load' 'weights11_m_weights_7' <Predicate = (!exitcond_flatten)> <Delay = 2.77> <Core = "ROM_nP">   --->   Core 48 'ROM_nP' <Latency = 1> <II = 1> <Delay = 2.77> <Storage> <Opcode : 'load'> <Ports = 0> <Width = 5> <Depth = 16384> <ROM>
ST_4 : Operation 62 [1/2] (2.77ns)   --->   "%weights11_m_weights_9 = load i5* %weights11_m_weights_8, align 1" [S3/conv1d.h:817]   --->   Operation 62 'load' 'weights11_m_weights_9' <Predicate = (!exitcond_flatten)> <Delay = 2.77> <Core = "ROM_nP">   --->   Core 48 'ROM_nP' <Latency = 1> <II = 1> <Delay = 2.77> <Storage> <Opcode : 'load'> <Ports = 0> <Width = 5> <Depth = 16384> <ROM>
ST_4 : Operation 63 [1/2] (2.77ns)   --->   "%weights11_m_weights_11 = load i5* %weights11_m_weights_10, align 1" [S3/conv1d.h:817]   --->   Operation 63 'load' 'weights11_m_weights_11' <Predicate = (!exitcond_flatten)> <Delay = 2.77> <Core = "ROM_nP">   --->   Core 48 'ROM_nP' <Latency = 1> <II = 1> <Delay = 2.77> <Storage> <Opcode : 'load'> <Ports = 0> <Width = 5> <Depth = 16384> <ROM>

State 5 <SV = 4> <Delay = 6.40>
ST_5 : Operation 64 [1/1] (0.00ns)   --->   "%p_08_cast_cast = sext i8 %tmp_V to i13" [S3/conv1d.h:823]   --->   Operation 64 'sext' 'p_08_cast_cast' <Predicate = (!exitcond_flatten)> <Delay = 0.00>
ST_5 : Operation 65 [1/1] (0.00ns)   --->   "%p_0132_cast_cast = sext i5 %weights11_m_weights_5 to i13" [S3/conv1d.h:823]   --->   Operation 65 'sext' 'p_0132_cast_cast' <Predicate = (!exitcond_flatten)> <Delay = 0.00>
ST_5 : Operation 66 [1/1] (3.61ns)   --->   "%p_Val2_s = mul i13 %p_08_cast_cast, %p_0132_cast_cast" [S3/conv1d.h:823]   --->   Operation 66 'mul' 'p_Val2_s' <Predicate = (!exitcond_flatten)> <Delay = 3.61> <Core = "Mul">   --->   Core 16 'Mul' <Latency = 0> <II = 1> <Delay = 3.61> <FuncUnit> <Opcode : 'mul'> <InPorts = 2> <OutPorts = 1>
ST_5 : Operation 67 [1/1] (0.00ns) (grouped into LUT with out node tmp_212)   --->   "%tmp_993 = call i1 @_ssdm_op_BitSelect.i1.i13.i32(i13 %p_Val2_s, i32 12)" [S3/conv1d.h:823]   --->   Operation 67 'bitselect' 'tmp_993' <Predicate = (!exitcond_flatten)> <Delay = 0.00>
ST_5 : Operation 68 [1/1] (0.00ns) (grouped into LUT with out node tmp1)   --->   "%tmp_994 = call i6 @_ssdm_op_PartSelect.i6.i13.i32.i32(i13 %p_Val2_s, i32 7, i32 12)" [S3/conv1d.h:823]   --->   Operation 68 'partselect' 'tmp_994' <Predicate = (!exitcond_flatten)> <Delay = 0.00>
ST_5 : Operation 69 [1/1] (0.00ns) (grouped into LUT with out node tmp1)   --->   "%p_Val2_cast = sext i6 %tmp_994 to i7" [S3/conv1d.h:823]   --->   Operation 69 'sext' 'p_Val2_cast' <Predicate = (!exitcond_flatten)> <Delay = 0.00>
ST_5 : Operation 70 [1/1] (0.00ns) (grouped into LUT with out node tmp1)   --->   "%tmp_995 = call i1 @_ssdm_op_BitSelect.i1.i13.i32(i13 %p_Val2_s, i32 6)" [S3/conv1d.h:823]   --->   Operation 70 'bitselect' 'tmp_995' <Predicate = (!exitcond_flatten)> <Delay = 0.00>
ST_5 : Operation 71 [1/1] (0.00ns) (grouped into LUT with out node tmp_212)   --->   "%tmp_996 = trunc i13 %p_Val2_s to i1" [S3/conv1d.h:823]   --->   Operation 71 'trunc' 'tmp_996' <Predicate = (!exitcond_flatten)> <Delay = 0.00>
ST_5 : Operation 72 [1/1] (0.00ns) (grouped into LUT with out node tmp_212)   --->   "%tmp_209 = or i1 %tmp_996, %tmp_993" [S3/conv1d.h:823]   --->   Operation 72 'or' 'tmp_209' <Predicate = (!exitcond_flatten)> <Delay = 0.00> <Core = "LogicGate">   --->   Core 27 'LogicGate' <Latency = 0> <II = 1> <Delay = 0.80> <FuncUnit> <Opcode : 'and' 'or' 'xor'> <InPorts = 2> <OutPorts = 1>
ST_5 : Operation 73 [1/1] (0.00ns) (grouped into LUT with out node tmp_212)   --->   "%tmp_210 = call i5 @_ssdm_op_PartSelect.i5.i13.i32.i32(i13 %p_Val2_s, i32 1, i32 5)" [S3/conv1d.h:823]   --->   Operation 73 'partselect' 'tmp_210' <Predicate = (!exitcond_flatten)> <Delay = 0.00>
ST_5 : Operation 74 [1/1] (0.00ns) (grouped into LUT with out node tmp_212)   --->   "%tmp_211 = call i6 @_ssdm_op_BitConcatenate.i6.i5.i1(i5 %tmp_210, i1 %tmp_209)" [S3/conv1d.h:823]   --->   Operation 74 'bitconcatenate' 'tmp_211' <Predicate = (!exitcond_flatten)> <Delay = 0.00>
ST_5 : Operation 75 [1/1] (1.18ns) (out node of the LUT)   --->   "%tmp_212 = icmp ne i6 %tmp_211, 0" [S3/conv1d.h:823]   --->   Operation 75 'icmp' 'tmp_212' <Predicate = (!exitcond_flatten)> <Delay = 1.18> <Core = "Cmp">   --->   Core 25 'Cmp' <Latency = 0> <II = 1> <Delay = 1.36> <FuncUnit> <Opcode : 'icmp'> <InPorts = 2> <OutPorts = 1>
ST_5 : Operation 76 [1/1] (0.00ns) (grouped into LUT with out node tmp1)   --->   "%qb_assign_2 = and i1 %tmp_212, %tmp_995" [S3/conv1d.h:823]   --->   Operation 76 'and' 'qb_assign_2' <Predicate = (!exitcond_flatten)> <Delay = 0.00> <Core = "LogicGate">   --->   Core 27 'LogicGate' <Latency = 0> <II = 1> <Delay = 0.80> <FuncUnit> <Opcode : 'and' 'or' 'xor'> <InPorts = 2> <OutPorts = 1>
ST_5 : Operation 77 [1/1] (0.00ns) (grouped into LUT with out node tmp1)   --->   "%tmp_213_cast = zext i1 %qb_assign_2 to i7" [S3/conv1d.h:836]   --->   Operation 77 'zext' 'tmp_213_cast' <Predicate = (!exitcond_flatten)> <Delay = 0.00>
ST_5 : Operation 78 [1/1] (1.61ns) (out node of the LUT)   --->   "%tmp1 = add i7 %p_Val2_cast, %tmp_213_cast" [S3/conv1d.h:836]   --->   Operation 78 'add' 'tmp1' <Predicate = (!exitcond_flatten)> <Delay = 1.61> <Core = "AddSub">   --->   Core 14 'AddSub' <Latency = 0> <II = 1> <Delay = 1.72> <FuncUnit> <Opcode : 'add' 'sub'> <InPorts = 2> <OutPorts = 1>
ST_5 : Operation 79 [1/1] (0.00ns)   --->   "%p_0132_1_cast_cast = sext i5 %weights11_m_weights_7 to i13" [S3/conv1d.h:823]   --->   Operation 79 'sext' 'p_0132_1_cast_cast' <Predicate = (!exitcond_flatten)> <Delay = 0.00>
ST_5 : Operation 80 [1/1] (3.61ns)   --->   "%p_Val2_1 = mul i13 %p_08_cast_cast, %p_0132_1_cast_cast" [S3/conv1d.h:823]   --->   Operation 80 'mul' 'p_Val2_1' <Predicate = (!exitcond_flatten)> <Delay = 3.61> <Core = "Mul">   --->   Core 16 'Mul' <Latency = 0> <II = 1> <Delay = 3.61> <FuncUnit> <Opcode : 'mul'> <InPorts = 2> <OutPorts = 1>
ST_5 : Operation 81 [1/1] (0.00ns) (grouped into LUT with out node tmp_279_1)   --->   "%tmp_997 = call i1 @_ssdm_op_BitSelect.i1.i13.i32(i13 %p_Val2_1, i32 12)" [S3/conv1d.h:823]   --->   Operation 81 'bitselect' 'tmp_997' <Predicate = (!exitcond_flatten)> <Delay = 0.00>
ST_5 : Operation 82 [1/1] (0.00ns) (grouped into LUT with out node tmp2)   --->   "%tmp_998 = call i6 @_ssdm_op_PartSelect.i6.i13.i32.i32(i13 %p_Val2_1, i32 7, i32 12)" [S3/conv1d.h:823]   --->   Operation 82 'partselect' 'tmp_998' <Predicate = (!exitcond_flatten)> <Delay = 0.00>
ST_5 : Operation 83 [1/1] (0.00ns) (grouped into LUT with out node tmp2)   --->   "%p_Val2_93_1_cast = sext i6 %tmp_998 to i7" [S3/conv1d.h:823]   --->   Operation 83 'sext' 'p_Val2_93_1_cast' <Predicate = (!exitcond_flatten)> <Delay = 0.00>
ST_5 : Operation 84 [1/1] (0.00ns) (grouped into LUT with out node tmp2)   --->   "%tmp_999 = call i1 @_ssdm_op_BitSelect.i1.i13.i32(i13 %p_Val2_1, i32 6)" [S3/conv1d.h:823]   --->   Operation 84 'bitselect' 'tmp_999' <Predicate = (!exitcond_flatten)> <Delay = 0.00>
ST_5 : Operation 85 [1/1] (0.00ns) (grouped into LUT with out node tmp_279_1)   --->   "%tmp_1000 = trunc i13 %p_Val2_1 to i1" [S3/conv1d.h:823]   --->   Operation 85 'trunc' 'tmp_1000' <Predicate = (!exitcond_flatten)> <Delay = 0.00>
ST_5 : Operation 86 [1/1] (0.00ns) (grouped into LUT with out node tmp_279_1)   --->   "%tmp_215 = or i1 %tmp_1000, %tmp_997" [S3/conv1d.h:823]   --->   Operation 86 'or' 'tmp_215' <Predicate = (!exitcond_flatten)> <Delay = 0.00> <Core = "LogicGate">   --->   Core 27 'LogicGate' <Latency = 0> <II = 1> <Delay = 0.80> <FuncUnit> <Opcode : 'and' 'or' 'xor'> <InPorts = 2> <OutPorts = 1>
ST_5 : Operation 87 [1/1] (0.00ns) (grouped into LUT with out node tmp_279_1)   --->   "%tmp_216 = call i5 @_ssdm_op_PartSelect.i5.i13.i32.i32(i13 %p_Val2_1, i32 1, i32 5)" [S3/conv1d.h:823]   --->   Operation 87 'partselect' 'tmp_216' <Predicate = (!exitcond_flatten)> <Delay = 0.00>
ST_5 : Operation 88 [1/1] (0.00ns) (grouped into LUT with out node tmp_279_1)   --->   "%tmp_217 = call i6 @_ssdm_op_BitConcatenate.i6.i5.i1(i5 %tmp_216, i1 %tmp_215)" [S3/conv1d.h:823]   --->   Operation 88 'bitconcatenate' 'tmp_217' <Predicate = (!exitcond_flatten)> <Delay = 0.00>
ST_5 : Operation 89 [1/1] (1.18ns) (out node of the LUT)   --->   "%tmp_279_1 = icmp ne i6 %tmp_217, 0" [S3/conv1d.h:823]   --->   Operation 89 'icmp' 'tmp_279_1' <Predicate = (!exitcond_flatten)> <Delay = 1.18> <Core = "Cmp">   --->   Core 25 'Cmp' <Latency = 0> <II = 1> <Delay = 1.36> <FuncUnit> <Opcode : 'icmp'> <InPorts = 2> <OutPorts = 1>
ST_5 : Operation 90 [1/1] (0.00ns) (grouped into LUT with out node tmp2)   --->   "%qb_assign_2_1 = and i1 %tmp_279_1, %tmp_999" [S3/conv1d.h:823]   --->   Operation 90 'and' 'qb_assign_2_1' <Predicate = (!exitcond_flatten)> <Delay = 0.00> <Core = "LogicGate">   --->   Core 27 'LogicGate' <Latency = 0> <II = 1> <Delay = 0.80> <FuncUnit> <Opcode : 'and' 'or' 'xor'> <InPorts = 2> <OutPorts = 1>
ST_5 : Operation 91 [1/1] (0.00ns) (grouped into LUT with out node tmp2)   --->   "%tmp_280_1_cast = zext i1 %qb_assign_2_1 to i7" [S3/conv1d.h:836]   --->   Operation 91 'zext' 'tmp_280_1_cast' <Predicate = (!exitcond_flatten)> <Delay = 0.00>
ST_5 : Operation 92 [1/1] (1.61ns) (out node of the LUT)   --->   "%tmp2 = add i7 %p_Val2_93_1_cast, %tmp_280_1_cast" [S3/conv1d.h:836]   --->   Operation 92 'add' 'tmp2' <Predicate = (!exitcond_flatten)> <Delay = 1.61> <Core = "AddSub">   --->   Core 14 'AddSub' <Latency = 0> <II = 1> <Delay = 1.72> <FuncUnit> <Opcode : 'add' 'sub'> <InPorts = 2> <OutPorts = 1>
ST_5 : Operation 93 [1/1] (0.00ns)   --->   "%p_0132_2_cast_cast = sext i5 %weights11_m_weights_9 to i13" [S3/conv1d.h:823]   --->   Operation 93 'sext' 'p_0132_2_cast_cast' <Predicate = (!exitcond_flatten)> <Delay = 0.00>
ST_5 : Operation 94 [1/1] (3.61ns)   --->   "%p_Val2_2 = mul i13 %p_08_cast_cast, %p_0132_2_cast_cast" [S3/conv1d.h:823]   --->   Operation 94 'mul' 'p_Val2_2' <Predicate = (!exitcond_flatten)> <Delay = 3.61> <Core = "Mul">   --->   Core 16 'Mul' <Latency = 0> <II = 1> <Delay = 3.61> <FuncUnit> <Opcode : 'mul'> <InPorts = 2> <OutPorts = 1>
ST_5 : Operation 95 [1/1] (0.00ns) (grouped into LUT with out node tmp_279_2)   --->   "%tmp_1001 = call i1 @_ssdm_op_BitSelect.i1.i13.i32(i13 %p_Val2_2, i32 12)" [S3/conv1d.h:823]   --->   Operation 95 'bitselect' 'tmp_1001' <Predicate = (!exitcond_flatten)> <Delay = 0.00>
ST_5 : Operation 96 [1/1] (0.00ns) (grouped into LUT with out node tmp3)   --->   "%tmp_1002 = call i6 @_ssdm_op_PartSelect.i6.i13.i32.i32(i13 %p_Val2_2, i32 7, i32 12)" [S3/conv1d.h:823]   --->   Operation 96 'partselect' 'tmp_1002' <Predicate = (!exitcond_flatten)> <Delay = 0.00>
ST_5 : Operation 97 [1/1] (0.00ns) (grouped into LUT with out node tmp3)   --->   "%p_Val2_93_2_cast = sext i6 %tmp_1002 to i7" [S3/conv1d.h:823]   --->   Operation 97 'sext' 'p_Val2_93_2_cast' <Predicate = (!exitcond_flatten)> <Delay = 0.00>
ST_5 : Operation 98 [1/1] (0.00ns) (grouped into LUT with out node tmp3)   --->   "%tmp_1003 = call i1 @_ssdm_op_BitSelect.i1.i13.i32(i13 %p_Val2_2, i32 6)" [S3/conv1d.h:823]   --->   Operation 98 'bitselect' 'tmp_1003' <Predicate = (!exitcond_flatten)> <Delay = 0.00>
ST_5 : Operation 99 [1/1] (0.00ns) (grouped into LUT with out node tmp_279_2)   --->   "%tmp_1004 = trunc i13 %p_Val2_2 to i1" [S3/conv1d.h:823]   --->   Operation 99 'trunc' 'tmp_1004' <Predicate = (!exitcond_flatten)> <Delay = 0.00>
ST_5 : Operation 100 [1/1] (0.00ns) (grouped into LUT with out node tmp_279_2)   --->   "%tmp_219 = or i1 %tmp_1004, %tmp_1001" [S3/conv1d.h:823]   --->   Operation 100 'or' 'tmp_219' <Predicate = (!exitcond_flatten)> <Delay = 0.00> <Core = "LogicGate">   --->   Core 27 'LogicGate' <Latency = 0> <II = 1> <Delay = 0.80> <FuncUnit> <Opcode : 'and' 'or' 'xor'> <InPorts = 2> <OutPorts = 1>
ST_5 : Operation 101 [1/1] (0.00ns) (grouped into LUT with out node tmp_279_2)   --->   "%tmp_220 = call i5 @_ssdm_op_PartSelect.i5.i13.i32.i32(i13 %p_Val2_2, i32 1, i32 5)" [S3/conv1d.h:823]   --->   Operation 101 'partselect' 'tmp_220' <Predicate = (!exitcond_flatten)> <Delay = 0.00>
ST_5 : Operation 102 [1/1] (0.00ns) (grouped into LUT with out node tmp_279_2)   --->   "%tmp_221 = call i6 @_ssdm_op_BitConcatenate.i6.i5.i1(i5 %tmp_220, i1 %tmp_219)" [S3/conv1d.h:823]   --->   Operation 102 'bitconcatenate' 'tmp_221' <Predicate = (!exitcond_flatten)> <Delay = 0.00>
ST_5 : Operation 103 [1/1] (1.18ns) (out node of the LUT)   --->   "%tmp_279_2 = icmp ne i6 %tmp_221, 0" [S3/conv1d.h:823]   --->   Operation 103 'icmp' 'tmp_279_2' <Predicate = (!exitcond_flatten)> <Delay = 1.18> <Core = "Cmp">   --->   Core 25 'Cmp' <Latency = 0> <II = 1> <Delay = 1.36> <FuncUnit> <Opcode : 'icmp'> <InPorts = 2> <OutPorts = 1>
ST_5 : Operation 104 [1/1] (0.00ns) (grouped into LUT with out node tmp3)   --->   "%qb_assign_2_2 = and i1 %tmp_279_2, %tmp_1003" [S3/conv1d.h:823]   --->   Operation 104 'and' 'qb_assign_2_2' <Predicate = (!exitcond_flatten)> <Delay = 0.00> <Core = "LogicGate">   --->   Core 27 'LogicGate' <Latency = 0> <II = 1> <Delay = 0.80> <FuncUnit> <Opcode : 'and' 'or' 'xor'> <InPorts = 2> <OutPorts = 1>
ST_5 : Operation 105 [1/1] (0.00ns) (grouped into LUT with out node tmp3)   --->   "%tmp_280_2_cast = zext i1 %qb_assign_2_2 to i7" [S3/conv1d.h:836]   --->   Operation 105 'zext' 'tmp_280_2_cast' <Predicate = (!exitcond_flatten)> <Delay = 0.00>
ST_5 : Operation 106 [1/1] (1.61ns) (out node of the LUT)   --->   "%tmp3 = add i7 %p_Val2_93_2_cast, %tmp_280_2_cast" [S3/conv1d.h:836]   --->   Operation 106 'add' 'tmp3' <Predicate = (!exitcond_flatten)> <Delay = 1.61> <Core = "AddSub">   --->   Core 14 'AddSub' <Latency = 0> <II = 1> <Delay = 1.72> <FuncUnit> <Opcode : 'add' 'sub'> <InPorts = 2> <OutPorts = 1>
ST_5 : Operation 107 [1/1] (0.00ns)   --->   "%p_0132_3_cast_cast = sext i5 %weights11_m_weights_11 to i13" [S3/conv1d.h:823]   --->   Operation 107 'sext' 'p_0132_3_cast_cast' <Predicate = (!exitcond_flatten)> <Delay = 0.00>
ST_5 : Operation 108 [1/1] (3.61ns)   --->   "%p_Val2_3 = mul i13 %p_08_cast_cast, %p_0132_3_cast_cast" [S3/conv1d.h:823]   --->   Operation 108 'mul' 'p_Val2_3' <Predicate = (!exitcond_flatten)> <Delay = 3.61> <Core = "Mul">   --->   Core 16 'Mul' <Latency = 0> <II = 1> <Delay = 3.61> <FuncUnit> <Opcode : 'mul'> <InPorts = 2> <OutPorts = 1>
ST_5 : Operation 109 [1/1] (0.00ns) (grouped into LUT with out node tmp_279_3)   --->   "%tmp_1005 = call i1 @_ssdm_op_BitSelect.i1.i13.i32(i13 %p_Val2_3, i32 12)" [S3/conv1d.h:823]   --->   Operation 109 'bitselect' 'tmp_1005' <Predicate = (!exitcond_flatten)> <Delay = 0.00>
ST_5 : Operation 110 [1/1] (0.00ns) (grouped into LUT with out node tmp4)   --->   "%tmp_1006 = call i6 @_ssdm_op_PartSelect.i6.i13.i32.i32(i13 %p_Val2_3, i32 7, i32 12)" [S3/conv1d.h:823]   --->   Operation 110 'partselect' 'tmp_1006' <Predicate = (!exitcond_flatten)> <Delay = 0.00>
ST_5 : Operation 111 [1/1] (0.00ns) (grouped into LUT with out node tmp4)   --->   "%p_Val2_93_3_cast = sext i6 %tmp_1006 to i7" [S3/conv1d.h:823]   --->   Operation 111 'sext' 'p_Val2_93_3_cast' <Predicate = (!exitcond_flatten)> <Delay = 0.00>
ST_5 : Operation 112 [1/1] (0.00ns) (grouped into LUT with out node tmp4)   --->   "%tmp_1007 = call i1 @_ssdm_op_BitSelect.i1.i13.i32(i13 %p_Val2_3, i32 6)" [S3/conv1d.h:823]   --->   Operation 112 'bitselect' 'tmp_1007' <Predicate = (!exitcond_flatten)> <Delay = 0.00>
ST_5 : Operation 113 [1/1] (0.00ns) (grouped into LUT with out node tmp_279_3)   --->   "%tmp_1008 = trunc i13 %p_Val2_3 to i1" [S3/conv1d.h:823]   --->   Operation 113 'trunc' 'tmp_1008' <Predicate = (!exitcond_flatten)> <Delay = 0.00>
ST_5 : Operation 114 [1/1] (0.00ns) (grouped into LUT with out node tmp_279_3)   --->   "%tmp_223 = or i1 %tmp_1008, %tmp_1005" [S3/conv1d.h:823]   --->   Operation 114 'or' 'tmp_223' <Predicate = (!exitcond_flatten)> <Delay = 0.00> <Core = "LogicGate">   --->   Core 27 'LogicGate' <Latency = 0> <II = 1> <Delay = 0.80> <FuncUnit> <Opcode : 'and' 'or' 'xor'> <InPorts = 2> <OutPorts = 1>
ST_5 : Operation 115 [1/1] (0.00ns) (grouped into LUT with out node tmp_279_3)   --->   "%tmp_224 = call i5 @_ssdm_op_PartSelect.i5.i13.i32.i32(i13 %p_Val2_3, i32 1, i32 5)" [S3/conv1d.h:823]   --->   Operation 115 'partselect' 'tmp_224' <Predicate = (!exitcond_flatten)> <Delay = 0.00>
ST_5 : Operation 116 [1/1] (0.00ns) (grouped into LUT with out node tmp_279_3)   --->   "%tmp_225 = call i6 @_ssdm_op_BitConcatenate.i6.i5.i1(i5 %tmp_224, i1 %tmp_223)" [S3/conv1d.h:823]   --->   Operation 116 'bitconcatenate' 'tmp_225' <Predicate = (!exitcond_flatten)> <Delay = 0.00>
ST_5 : Operation 117 [1/1] (1.18ns) (out node of the LUT)   --->   "%tmp_279_3 = icmp ne i6 %tmp_225, 0" [S3/conv1d.h:823]   --->   Operation 117 'icmp' 'tmp_279_3' <Predicate = (!exitcond_flatten)> <Delay = 1.18> <Core = "Cmp">   --->   Core 25 'Cmp' <Latency = 0> <II = 1> <Delay = 1.36> <FuncUnit> <Opcode : 'icmp'> <InPorts = 2> <OutPorts = 1>
ST_5 : Operation 118 [1/1] (0.00ns) (grouped into LUT with out node tmp4)   --->   "%qb_assign_2_3 = and i1 %tmp_279_3, %tmp_1007" [S3/conv1d.h:823]   --->   Operation 118 'and' 'qb_assign_2_3' <Predicate = (!exitcond_flatten)> <Delay = 0.00> <Core = "LogicGate">   --->   Core 27 'LogicGate' <Latency = 0> <II = 1> <Delay = 0.80> <FuncUnit> <Opcode : 'and' 'or' 'xor'> <InPorts = 2> <OutPorts = 1>
ST_5 : Operation 119 [1/1] (0.00ns) (grouped into LUT with out node tmp4)   --->   "%tmp_280_3_cast = zext i1 %qb_assign_2_3 to i7" [S3/conv1d.h:836]   --->   Operation 119 'zext' 'tmp_280_3_cast' <Predicate = (!exitcond_flatten)> <Delay = 0.00>
ST_5 : Operation 120 [1/1] (1.61ns) (out node of the LUT)   --->   "%tmp4 = add i7 %p_Val2_93_3_cast, %tmp_280_3_cast" [S3/conv1d.h:836]   --->   Operation 120 'add' 'tmp4' <Predicate = (!exitcond_flatten)> <Delay = 1.61> <Core = "AddSub">   --->   Core 14 'AddSub' <Latency = 0> <II = 1> <Delay = 1.72> <FuncUnit> <Opcode : 'add' 'sub'> <InPorts = 2> <OutPorts = 1>

State 6 <SV = 5> <Delay = 7.62>
ST_6 : Operation 121 [1/1] (0.00ns)   --->   "%macRegisters_0_V_7_s = load i8* %macRegisters_0_V_7" [S3/conv1d.h:836]   --->   Operation 121 'load' 'macRegisters_0_V_7_s' <Predicate = (!exitcond_flatten)> <Delay = 0.00>
ST_6 : Operation 122 [1/1] (0.00ns)   --->   "%macRegisters_1_V_7_s = load i8* %macRegisters_1_V_7" [S3/conv1d.h:836]   --->   Operation 122 'load' 'macRegisters_1_V_7_s' <Predicate = (!exitcond_flatten)> <Delay = 0.00>
ST_6 : Operation 123 [1/1] (0.00ns)   --->   "%macRegisters_2_V_7_s = load i8* %macRegisters_2_V_7" [S3/conv1d.h:836]   --->   Operation 123 'load' 'macRegisters_2_V_7_s' <Predicate = (!exitcond_flatten)> <Delay = 0.00>
ST_6 : Operation 124 [1/1] (0.00ns)   --->   "%macRegisters_3_V_7_s = load i8* %macRegisters_3_V_7" [S3/conv1d.h:836]   --->   Operation 124 'load' 'macRegisters_3_V_7_s' <Predicate = (!exitcond_flatten)> <Delay = 0.00>
ST_6 : Operation 125 [1/1] (0.00ns)   --->   "call void (...)* @_ssdm_op_SpecLoopName([50 x i8]* @loop_ofmChannels_loo)"   --->   Operation 125 'specloopname' <Predicate = (!exitcond_flatten)> <Delay = 0.00>
ST_6 : Operation 126 [1/1] (0.00ns)   --->   "call void (...)* @_ssdm_op_SpecLoopName([33 x i8]* @loop_neuronFold_loop)"   --->   Operation 126 'specloopname' <Predicate = (!exitcond_flatten)> <Delay = 0.00>
ST_6 : Operation 127 [1/1] (0.00ns)   --->   "call void (...)* @_ssdm_op_SpecLoopName([17 x i8]* @p_str2275) nounwind" [S3/conv1d.h:793]   --->   Operation 127 'specloopname' <Predicate = (!exitcond_flatten)> <Delay = 0.00>
ST_6 : Operation 128 [1/1] (0.00ns)   --->   "%tmp_205 = call i32 (...)* @_ssdm_op_SpecRegionBegin([17 x i8]* @p_str2275)" [S3/conv1d.h:793]   --->   Operation 128 'specregionbegin' 'tmp_205' <Predicate = (!exitcond_flatten)> <Delay = 0.00>
ST_6 : Operation 129 [1/1] (0.00ns)   --->   "call void (...)* @_ssdm_op_SpecPipeline(i32 1, i32 1, i32 1, i32 0, [1 x i8]* @p_str1) nounwind" [S3/conv1d.h:794]   --->   Operation 129 'specpipeline' <Predicate = (!exitcond_flatten)> <Delay = 0.00>
ST_6 : Operation 130 [1/1] (0.00ns)   --->   "%tmp1_cast = sext i7 %tmp1 to i8" [S3/conv1d.h:836]   --->   Operation 130 'sext' 'tmp1_cast' <Predicate = (!exitcond_flatten)> <Delay = 0.00>
ST_6 : Operation 131 [1/1] (1.69ns)   --->   "%macRegisters_0_V = add i8 %tmp1_cast, %macRegisters_0_V_7_s" [S3/conv1d.h:836]   --->   Operation 131 'add' 'macRegisters_0_V' <Predicate = (!exitcond_flatten)> <Delay = 1.69> <Core = "AddSub">   --->   Core 14 'AddSub' <Latency = 0> <II = 1> <Delay = 1.72> <FuncUnit> <Opcode : 'add' 'sub'> <InPorts = 2> <OutPorts = 1>
ST_6 : Operation 132 [1/1] (0.00ns)   --->   "%tmp2_cast = sext i7 %tmp2 to i8" [S3/conv1d.h:836]   --->   Operation 132 'sext' 'tmp2_cast' <Predicate = (!exitcond_flatten)> <Delay = 0.00>
ST_6 : Operation 133 [1/1] (1.69ns)   --->   "%macRegisters_1_V = add i8 %tmp2_cast, %macRegisters_1_V_7_s" [S3/conv1d.h:836]   --->   Operation 133 'add' 'macRegisters_1_V' <Predicate = (!exitcond_flatten)> <Delay = 1.69> <Core = "AddSub">   --->   Core 14 'AddSub' <Latency = 0> <II = 1> <Delay = 1.72> <FuncUnit> <Opcode : 'add' 'sub'> <InPorts = 2> <OutPorts = 1>
ST_6 : Operation 134 [1/1] (0.00ns)   --->   "%tmp3_cast = sext i7 %tmp3 to i8" [S3/conv1d.h:836]   --->   Operation 134 'sext' 'tmp3_cast' <Predicate = (!exitcond_flatten)> <Delay = 0.00>
ST_6 : Operation 135 [1/1] (1.69ns)   --->   "%macRegisters_2_V = add i8 %tmp3_cast, %macRegisters_2_V_7_s" [S3/conv1d.h:836]   --->   Operation 135 'add' 'macRegisters_2_V' <Predicate = (!exitcond_flatten)> <Delay = 1.69> <Core = "AddSub">   --->   Core 14 'AddSub' <Latency = 0> <II = 1> <Delay = 1.72> <FuncUnit> <Opcode : 'add' 'sub'> <InPorts = 2> <OutPorts = 1>
ST_6 : Operation 136 [1/1] (0.00ns)   --->   "%tmp4_cast = sext i7 %tmp4 to i8" [S3/conv1d.h:836]   --->   Operation 136 'sext' 'tmp4_cast' <Predicate = (!exitcond_flatten)> <Delay = 0.00>
ST_6 : Operation 137 [1/1] (1.69ns)   --->   "%macRegisters_3_V = add i8 %tmp4_cast, %macRegisters_3_V_7_s" [S3/conv1d.h:836]   --->   Operation 137 'add' 'macRegisters_3_V' <Predicate = (!exitcond_flatten)> <Delay = 1.69> <Core = "AddSub">   --->   Core 14 'AddSub' <Latency = 0> <II = 1> <Delay = 1.72> <FuncUnit> <Opcode : 'add' 'sub'> <InPorts = 2> <OutPorts = 1>
ST_6 : Operation 138 [1/1] (1.30ns)   --->   "store i8 %macRegisters_3_V, i8* %macRegisters_3_V_7" [S3/conv1d.h:844]   --->   Operation 138 'store' <Predicate = (!tmp_226)> <Delay = 1.30>
ST_6 : Operation 139 [1/1] (1.30ns)   --->   "store i8 %macRegisters_2_V, i8* %macRegisters_2_V_7" [S3/conv1d.h:844]   --->   Operation 139 'store' <Predicate = (!tmp_226)> <Delay = 1.30>
ST_6 : Operation 140 [1/1] (1.30ns)   --->   "store i8 %macRegisters_1_V, i8* %macRegisters_1_V_7" [S3/conv1d.h:844]   --->   Operation 140 'store' <Predicate = (!tmp_226)> <Delay = 1.30>
ST_6 : Operation 141 [1/1] (1.30ns)   --->   "store i8 %macRegisters_0_V, i8* %macRegisters_0_V_7" [S3/conv1d.h:844]   --->   Operation 141 'store' <Predicate = (!tmp_226)> <Delay = 1.30>
ST_6 : Operation 142 [1/1] (0.00ns)   --->   "br label %._crit_edge" [S3/conv1d.h:847]   --->   Operation 142 'br' <Predicate = (!tmp_226)> <Delay = 0.00>
ST_6 : Operation 143 [1/1] (0.00ns) (grouped into LUT with out node p_Val2_4)   --->   "%tmp_159 = call i8 @_ssdm_op_Mux.ap_auto.64i8.i6(i8 0, i8 0, i8 0, i8 0, i8 0, i8 0, i8 0, i8 0, i8 0, i8 0, i8 0, i8 0, i8 0, i8 -2, i8 0, i8 0, i8 0, i8 0, i8 0, i8 0, i8 0, i8 0, i8 0, i8 0, i8 0, i8 -1, i8 0, i8 0, i8 0, i8 0, i8 0, i8 0, i8 0, i8 0, i8 0, i8 1, i8 0, i8 0, i8 0, i8 -1, i8 0, i8 0, i8 0, i8 0, i8 1, i8 0, i8 0, i8 0, i8 0, i8 0, i8 0, i8 0, i8 0, i8 0, i8 0, i8 0, i8 0, i8 0, i8 0, i8 0, i8 0, i8 0, i8 1, i8 0, i6 %nm_t_mid2)" [S3/conv1d.h:793]   --->   Operation 143 'mux' 'tmp_159' <Predicate = (tmp_226)> <Delay = 0.00> <Core = "MuxnS">   --->   Core 31 'MuxnS' <Latency = 0> <II = 1> <Delay = 2.53> <FuncUnit> <Opcode : 'mux'> <InPorts = 2> <OutPorts = 1>
ST_6 : Operation 144 [1/1] (2.53ns) (out node of the LUT)   --->   "%p_Val2_4 = add i8 %macRegisters_0_V, %tmp_159" [S3/conv1d.h:859]   --->   Operation 144 'add' 'p_Val2_4' <Predicate = (tmp_226)> <Delay = 2.53> <Core = "AddSub">   --->   Core 14 'AddSub' <Latency = 0> <II = 1> <Delay = 1.72> <FuncUnit> <Opcode : 'add' 'sub'> <InPorts = 2> <OutPorts = 1>
ST_6 : Operation 145 [1/1] (0.00ns) (grouped into LUT with out node p_Val2_23_1)   --->   "%tmp_160 = call i8 @_ssdm_op_Mux.ap_auto.64i8.i6(i8 0, i8 0, i8 0, i8 0, i8 0, i8 0, i8 0, i8 0, i8 0, i8 0, i8 0, i8 0, i8 0, i8 0, i8 0, i8 0, i8 0, i8 0, i8 0, i8 0, i8 0, i8 0, i8 0, i8 0, i8 0, i8 0, i8 0, i8 0, i8 0, i8 0, i8 0, i8 0, i8 0, i8 0, i8 0, i8 0, i8 0, i8 0, i8 0, i8 0, i8 0, i8 1, i8 0, i8 0, i8 0, i8 0, i8 -1, i8 0, i8 1, i8 0, i8 0, i8 0, i8 0, i8 0, i8 0, i8 0, i8 0, i8 0, i8 0, i8 0, i8 0, i8 0, i8 0, i8 0, i6 %nm_t_mid2)" [S3/conv1d.h:793]   --->   Operation 145 'mux' 'tmp_160' <Predicate = (tmp_226)> <Delay = 0.00> <Core = "MuxnS">   --->   Core 31 'MuxnS' <Latency = 0> <II = 1> <Delay = 2.53> <FuncUnit> <Opcode : 'mux'> <InPorts = 2> <OutPorts = 1>
ST_6 : Operation 146 [1/1] (2.53ns) (out node of the LUT)   --->   "%p_Val2_23_1 = add i8 %macRegisters_1_V, %tmp_160" [S3/conv1d.h:859]   --->   Operation 146 'add' 'p_Val2_23_1' <Predicate = (tmp_226)> <Delay = 2.53> <Core = "AddSub">   --->   Core 14 'AddSub' <Latency = 0> <II = 1> <Delay = 1.72> <FuncUnit> <Opcode : 'add' 'sub'> <InPorts = 2> <OutPorts = 1>
ST_6 : Operation 147 [1/1] (0.00ns) (grouped into LUT with out node p_Val2_23_2)   --->   "%tmp_161 = call i8 @_ssdm_op_Mux.ap_auto.64i8.i6(i8 0, i8 0, i8 0, i8 0, i8 0, i8 0, i8 0, i8 0, i8 0, i8 0, i8 0, i8 0, i8 0, i8 0, i8 0, i8 0, i8 0, i8 0, i8 0, i8 0, i8 0, i8 0, i8 0, i8 0, i8 0, i8 0, i8 0, i8 0, i8 0, i8 0, i8 -1, i8 0, i8 0, i8 0, i8 0, i8 0, i8 0, i8 0, i8 0, i8 0, i8 0, i8 0, i8 0, i8 0, i8 0, i8 0, i8 0, i8 0, i8 0, i8 0, i8 0, i8 0, i8 0, i8 0, i8 0, i8 0, i8 0, i8 0, i8 0, i8 0, i8 0, i8 0, i8 0, i8 0, i6 %nm_t_mid2)" [S3/conv1d.h:793]   --->   Operation 147 'mux' 'tmp_161' <Predicate = (tmp_226)> <Delay = 0.00> <Core = "MuxnS">   --->   Core 31 'MuxnS' <Latency = 0> <II = 1> <Delay = 2.53> <FuncUnit> <Opcode : 'mux'> <InPorts = 2> <OutPorts = 1>
ST_6 : Operation 148 [1/1] (2.53ns) (out node of the LUT)   --->   "%p_Val2_23_2 = add i8 %macRegisters_2_V, %tmp_161" [S3/conv1d.h:859]   --->   Operation 148 'add' 'p_Val2_23_2' <Predicate = (tmp_226)> <Delay = 2.53> <Core = "AddSub">   --->   Core 14 'AddSub' <Latency = 0> <II = 1> <Delay = 1.72> <FuncUnit> <Opcode : 'add' 'sub'> <InPorts = 2> <OutPorts = 1>
ST_6 : Operation 149 [1/1] (0.00ns) (grouped into LUT with out node p_Val2_23_3)   --->   "%tmp_162 = call i8 @_ssdm_op_Mux.ap_auto.64i8.i6(i8 0, i8 0, i8 0, i8 0, i8 0, i8 0, i8 0, i8 0, i8 0, i8 0, i8 0, i8 0, i8 1, i8 0, i8 0, i8 0, i8 1, i8 0, i8 0, i8 0, i8 0, i8 0, i8 0, i8 0, i8 1, i8 0, i8 0, i8 0, i8 0, i8 0, i8 0, i8 0, i8 0, i8 0, i8 0, i8 0, i8 0, i8 0, i8 0, i8 0, i8 0, i8 0, i8 0, i8 0, i8 0, i8 0, i8 0, i8 0, i8 0, i8 0, i8 0, i8 0, i8 0, i8 0, i8 0, i8 0, i8 0, i8 0, i8 0, i8 0, i8 0, i8 0, i8 0, i8 0, i6 %nm_t_mid2)" [S3/conv1d.h:793]   --->   Operation 149 'mux' 'tmp_162' <Predicate = (tmp_226)> <Delay = 0.00> <Core = "MuxnS">   --->   Core 31 'MuxnS' <Latency = 0> <II = 1> <Delay = 2.53> <FuncUnit> <Opcode : 'mux'> <InPorts = 2> <OutPorts = 1>
ST_6 : Operation 150 [1/1] (2.53ns) (out node of the LUT)   --->   "%p_Val2_23_3 = add i8 %macRegisters_3_V, %tmp_162" [S3/conv1d.h:859]   --->   Operation 150 'add' 'p_Val2_23_3' <Predicate = (tmp_226)> <Delay = 2.53> <Core = "AddSub">   --->   Core 14 'AddSub' <Latency = 0> <II = 1> <Delay = 1.72> <FuncUnit> <Opcode : 'add' 'sub'> <InPorts = 2> <OutPorts = 1>
ST_6 : Operation 151 [1/1] (0.00ns)   --->   "%tmp_V_416 = call i32 @_ssdm_op_BitConcatenate.i32.i8.i8.i8.i8(i8 %p_Val2_23_3, i8 %p_Val2_23_2, i8 %p_Val2_23_1, i8 %p_Val2_4)" [S3/conv1d.h:870]   --->   Operation 151 'bitconcatenate' 'tmp_V_416' <Predicate = (tmp_226)> <Delay = 0.00>
ST_6 : Operation 152 [1/1] (3.40ns)   --->   "call void @_ssdm_op_Write.ap_fifo.volatile.i32P(i32* %out_V_V, i32 %tmp_V_416)" [S3/conv1d.h:876]   --->   Operation 152 'write' <Predicate = (tmp_226)> <Delay = 3.40> <Core = "FIFO">   --->   Core 32 'FIFO' <Latency = 0> <II = 1> <Delay = 3.40> <Storage> <Opcode : 'read' 'write' 'nbread' 'nbwrite'> <Ports = 0> <Width = 32> <Depth = 2> <FIFO>
ST_6 : Operation 153 [1/1] (1.30ns)   --->   "store i8 0, i8* %macRegisters_3_V_7"   --->   Operation 153 'store' <Predicate = (tmp_226)> <Delay = 1.30>
ST_6 : Operation 154 [1/1] (1.30ns)   --->   "store i8 0, i8* %macRegisters_2_V_7"   --->   Operation 154 'store' <Predicate = (tmp_226)> <Delay = 1.30>
ST_6 : Operation 155 [1/1] (1.30ns)   --->   "store i8 0, i8* %macRegisters_1_V_7"   --->   Operation 155 'store' <Predicate = (tmp_226)> <Delay = 1.30>
ST_6 : Operation 156 [1/1] (1.30ns)   --->   "store i8 0, i8* %macRegisters_0_V_7"   --->   Operation 156 'store' <Predicate = (tmp_226)> <Delay = 1.30>
ST_6 : Operation 157 [1/1] (0.00ns)   --->   "br label %._crit_edge" [S3/conv1d.h:877]   --->   Operation 157 'br' <Predicate = (tmp_226)> <Delay = 0.00>
ST_6 : Operation 158 [1/1] (0.00ns)   --->   "%empty = call i32 (...)* @_ssdm_op_SpecRegionEnd([17 x i8]* @p_str2275, i32 %tmp_205)" [S3/conv1d.h:878]   --->   Operation 158 'specregionend' 'empty' <Predicate = (!exitcond_flatten)> <Delay = 0.00>
ST_6 : Operation 159 [1/1] (0.00ns)   --->   "br label %0"   --->   Operation 159 'br' <Predicate = (!exitcond_flatten)> <Delay = 0.00>

State 7 <SV = 2> <Delay = 0.00>
ST_7 : Operation 160 [1/1] (0.00ns)   --->   "ret void" [S3/conv1d.h:884]   --->   Operation 160 'ret' <Predicate = true> <Delay = 0.00>


============================================================
+ Verbose Summary: Timing violations
============================================================
Target clock period: 10ns, clock uncertainty: 1.25ns.

 <State 1>: 1.3ns
The critical path consists of the following:
	'alloca' operation ('macRegisters[0].V') [7]  (0 ns)
	'store' operation of constant 0 on local variable 'macRegisters[0].V' [16]  (1.3 ns)

 <State 2>: 6.11ns
The critical path consists of the following:
	'phi' operation ('indvar_flatten') with incoming values : ('indvar_flatten_next') [20]  (0 ns)
	'icmp' operation ('exitcond_flatten2') [34]  (1.93 ns)
	'select' operation ('nm_mid', S3/conv1d.h:793) [35]  (0.808 ns)
	'add' operation ('nm', S3/conv1d.h:792) [41]  (1.65 ns)
	'select' operation ('tmp_234_mid2', S3/conv1d.h:817) [47]  (0 ns)
	'add' operation ('tmp_206', S3/conv1d.h:817) [55]  (1.72 ns)

 <State 3>: 2.77ns
The critical path consists of the following:
	'getelementptr' operation ('weights11_m_weights_10', S3/conv1d.h:817) [112]  (0 ns)
	'load' operation ('weights11_m_weights_11', S3/conv1d.h:817) on array 'weights11_m_weights_s' [113]  (2.77 ns)

 <State 4>: 3.4ns
The critical path consists of the following:
	fifo read on port 'in_V_V' (S3/conv1d.h:796) [54]  (3.4 ns)

 <State 5>: 6.41ns
The critical path consists of the following:
	'mul' operation ('p_Val2_3', S3/conv1d.h:823) [115]  (3.61 ns)
	'icmp' operation ('tmp_279_3', S3/conv1d.h:823) [124]  (1.19 ns)
	'and' operation ('qb_assign_2_3', S3/conv1d.h:823) [125]  (0 ns)
	'add' operation ('tmp4', S3/conv1d.h:836) [127]  (1.61 ns)

 <State 6>: 7.63ns
The critical path consists of the following:
	'load' operation ('macRegisters_0_V_7_s', S3/conv1d.h:836) on local variable 'macRegisters[0].V' [29]  (0 ns)
	'add' operation ('macRegisters[0].V', S3/conv1d.h:836) [75]  (1.7 ns)
	'add' operation ('p_Val2_4', S3/conv1d.h:859) [140]  (2.53 ns)
	fifo write on port 'out_V_V' (S3/conv1d.h:876) [148]  (3.4 ns)

 <State 7>: 0ns
The critical path consists of the following:


============================================================
+ Verbose Summary: Binding
============================================================
N/A
* FSMD analyzer results:
  - Output states:
 - Input state : 
  - Chain level:
	State 1
	State 2
	State 3
	State 4
	State 5
	State 6
	State 7


============================================================
+ Verbose Summary: Datapath Resource usage 
============================================================
N/A
