

================================================================
== Vivado HLS Report for 'Conv1DMac_new399'
================================================================
* Date:           Wed Apr 26 22:20:39 2023

* Version:        2018.2 (Build 2258646 on Thu Jun 14 20:25:20 MDT 2018)
* Project:        S2
* Solution:       solution1
* Product family: zynq
* Target device:  xc7z045ffg900-2


================================================================
== Performance Estimates
================================================================
+ Timing (ns): 
    * Summary: 
    +--------+-------+----------+------------+
    |  Clock | Target| Estimated| Uncertainty|
    +--------+-------+----------+------------+
    |ap_clk  |  10.00|     8.198|        1.25|
    +--------+-------+----------+------------+

+ Latency (clock cycles): 
    * Summary: 
    +---------+---------+---------+---------+---------+
    |      Latency      |      Interval     | Pipeline|
    |   min   |   max   |   min   |   max   |   Type  |
    +---------+---------+---------+---------+---------+
    |  8388613|  8388613|  8388613|  8388613|   none  |
    +---------+---------+---------+---------+---------+

    + Detail: 
        * Instance: 
        N/A

        * Loop: 
        +-----------------------------------------------------+---------+---------+----------+-----------+-----------+---------+----------+
        |                                                     |      Latency      | Iteration|  Initiation Interval  |   Trip  |          |
        |                      Loop Name                      |   min   |   max   |  Latency |  achieved |   target  |  Count  | Pipelined|
        +-----------------------------------------------------+---------+---------+----------+-----------+-----------+---------+----------+
        |- loop_ofmChannels_loop_neuronFold_loop_synapseFold  |  8388611|  8388611|         5|          1|          1|  8388608|    yes   |
        +-----------------------------------------------------+---------+---------+----------+-----------+-----------+---------+----------+



================================================================
== Utilization Estimates
================================================================
* Summary: 
+-----------------+---------+-------+--------+--------+
|       Name      | BRAM_18K| DSP48E|   FF   |   LUT  |
+-----------------+---------+-------+--------+--------+
|DSP              |        -|      -|       -|       -|
|Expression       |        -|      0|       0|     590|
|FIFO             |        -|      -|       -|       -|
|Instance         |        -|      -|       0|     580|
|Memory           |        8|      -|       0|       0|
|Multiplexer      |        -|      -|       -|     147|
|Register         |        0|      -|     377|      96|
+-----------------+---------+-------+--------+--------+
|Total            |        8|      0|     377|    1413|
+-----------------+---------+-------+--------+--------+
|Available        |     1090|    900|  437200|  218600|
+-----------------+---------+-------+--------+--------+
|Utilization (%)  |    ~0   |      0|   ~0   |   ~0   |
+-----------------+---------+-------+--------+--------+

+ Detail: 
    * Instance: 
    +----------------------------+------------------------+---------+-------+---+-----+
    |          Instance          |         Module         | BRAM_18K| DSP48E| FF| LUT |
    +----------------------------+------------------------+---------+-------+---+-----+
    |computeS2_mux_325yd2_x_U49  |computeS2_mux_325yd2_x  |        0|      0|  0|  145|
    |computeS2_mux_325yd2_x_U50  |computeS2_mux_325yd2_x  |        0|      0|  0|  145|
    |computeS2_mux_325yd2_x_U51  |computeS2_mux_325yd2_x  |        0|      0|  0|  145|
    |computeS2_mux_325yd2_x_U52  |computeS2_mux_325yd2_x  |        0|      0|  0|  145|
    +----------------------------+------------------------+---------+-------+---+-----+
    |Total                       |                        |        0|      0|  0|  580|
    +----------------------------+------------------------+---------+-------+---+-----+

    * DSP48: 
    N/A

    * Memory: 
    +--------------------------+----------------------+---------+---+----+------+-----+------+-------------+
    |          Memory          |        Module        | BRAM_18K| FF| LUT| Words| Bits| Banks| W*Bits*Banks|
    +--------------------------+----------------------+---------+---+----+------+-----+------+-------------+
    |weights7_m_weights_V_U    |Conv1DMac_new399_Aem  |        2|  0|   0|  4096|    7|     1|        28672|
    |weights7_m_weights_V_1_U  |Conv1DMac_new399_Bew  |        2|  0|   0|  4096|    8|     1|        32768|
    |weights7_m_weights_V_2_U  |Conv1DMac_new399_CeG  |        2|  0|   0|  4096|    7|     1|        28672|
    |weights7_m_weights_V_3_U  |Conv1DMac_new399_DeQ  |        2|  0|   0|  4096|    8|     1|        32768|
    +--------------------------+----------------------+---------+---+----+------+-----+------+-------------+
    |Total                     |                      |        8|  0|   0| 16384|   30|     4|       122880|
    +--------------------------+----------------------+---------+---+----+------+-----+------+-------------+

    * FIFO: 
    N/A

    * Expression: 
    +----------------------------------+----------+-------+---+----+------------+------------+
    |           Variable Name          | Operation| DSP48E| FF| LUT| Bitwidth P0| Bitwidth P1|
    +----------------------------------+----------+-------+---+----+------------+------------+
    |p_Val2_1_fu_574_p2                |     *    |      0|  0|  41|           8|           8|
    |p_Val2_2_fu_644_p2                |     *    |      0|  0|  41|           7|           8|
    |p_Val2_3_fu_714_p2                |     *    |      0|  0|  41|           8|           8|
    |p_Val2_s_fu_504_p2                |     *    |      0|  0|  41|           7|           8|
    |indvar_flatten_next4_fu_339_p2    |     +    |      0|  0|  31|           1|          24|
    |indvar_flatten_op_fu_471_p2       |     +    |      0|  0|  21|          14|           1|
    |macRegisters_0_V_fu_806_p2        |     +    |      0|  0|   8|           8|           8|
    |macRegisters_1_V_fu_825_p2        |     +    |      0|  0|   8|           8|           8|
    |macRegisters_2_V_fu_844_p2        |     +    |      0|  0|   8|           8|           8|
    |macRegisters_3_V_fu_863_p2        |     +    |      0|  0|   8|           8|           8|
    |nm_1_fu_393_p2                    |     +    |      0|  0|  15|           1|           6|
    |p_Val2_20_1_fu_1032_p2            |     +    |      0|  0|  15|           8|           8|
    |p_Val2_20_2_fu_1107_p2            |     +    |      0|  0|  15|           8|           8|
    |p_Val2_20_3_fu_1182_p2            |     +    |      0|  0|  15|           8|           8|
    |p_Val2_5_fu_957_p2                |     +    |      0|  0|  15|           8|           8|
    |sf_1_fu_465_p2                    |     +    |      0|  0|  15|           8|           1|
    |tmp1_fu_800_p2                    |     +    |      0|  0|   8|           8|           8|
    |tmp2_fu_819_p2                    |     +    |      0|  0|   8|           8|           8|
    |tmp3_fu_838_p2                    |     +    |      0|  0|   8|           8|           8|
    |tmp4_fu_857_p2                    |     +    |      0|  0|   8|           8|           8|
    |tmp_42_fu_453_p2                  |     +    |      0|  0|  19|          12|          12|
    |ap_block_state4_pp0_stage0_iter2  |    and   |      0|  0|   2|           1|           1|
    |ap_block_state6_pp0_stage0_iter4  |    and   |      0|  0|   2|           1|           1|
    |qb_assign_1_1_fu_811_p2           |    and   |      0|  0|   2|           1|           1|
    |qb_assign_1_2_fu_830_p2           |    and   |      0|  0|   2|           1|           1|
    |qb_assign_1_3_fu_849_p2           |    and   |      0|  0|   2|           1|           1|
    |qb_assign_1_fu_792_p2             |    and   |      0|  0|   2|           1|           1|
    |tmp_40_mid_fu_387_p2              |    and   |      0|  0|   2|           1|           1|
    |exitcond_flatten4_fu_333_p2       |   icmp   |      0|  0|  18|          24|          25|
    |exitcond_flatten_fu_345_p2        |   icmp   |      0|  0|  13|          14|          13|
    |tmp_203_1_fu_634_p2               |   icmp   |      0|  0|  11|           6|           1|
    |tmp_203_2_fu_704_p2               |   icmp   |      0|  0|  11|           6|           1|
    |tmp_203_3_fu_774_p2               |   icmp   |      0|  0|  11|           6|           1|
    |tmp_290_fu_381_p2                 |   icmp   |      0|  0|  13|           8|           9|
    |tmp_48_fu_564_p2                  |   icmp   |      0|  0|  11|           6|           1|
    |tmp_62_fu_459_p2                  |   icmp   |      0|  0|  11|           8|           7|
    |ap_block_pp0_stage0_01001         |    or    |      0|  0|   2|           1|           1|
    |ap_block_state1                   |    or    |      0|  0|   2|           1|           1|
    |tmp_272_fu_399_p2                 |    or    |      0|  0|   2|           1|           1|
    |tmp_45_fu_540_p2                  |    or    |      0|  0|   2|           1|           1|
    |tmp_51_fu_610_p2                  |    or    |      0|  0|   2|           1|           1|
    |tmp_55_fu_680_p2                  |    or    |      0|  0|   2|           1|           1|
    |tmp_59_fu_750_p2                  |    or    |      0|  0|   2|           1|           1|
    |indvar_flatten_next_fu_477_p3     |  select  |      0|  0|  14|           1|           1|
    |nm_mid2_fu_441_p3                 |  select  |      0|  0|   6|           1|           6|
    |nm_mid_fu_351_p3                  |  select  |      0|  0|   6|           1|           1|
    |nm_t_mid2_fu_433_p3               |  select  |      0|  0|   5|           1|           5|
    |nm_t_mid_fu_367_p3                |  select  |      0|  0|   5|           1|           1|
    |sf_mid2_fu_405_p3                 |  select  |      0|  0|   8|           1|           1|
    |tmp_39_mid2_fu_425_p3             |  select  |      0|  0|  12|           1|          12|
    |tmp_39_mid_fu_359_p3              |  select  |      0|  0|  12|           1|           1|
    |ap_enable_pp0                     |    xor   |      0|  0|   2|           1|           2|
    |ap_enable_reg_pp0_iter1           |    xor   |      0|  0|   2|           2|           1|
    |not_exitcond_flatten_fu_375_p2    |    xor   |      0|  0|   2|           1|           2|
    +----------------------------------+----------+-------+---+----+------------+------------+
    |Total                             |          |      0|  0| 590|         266|         277|
    +----------------------------------+----------+-------+---+----+------------+------------+

    * Multiplexer: 
    +---------------------------+----+-----------+-----+-----------+
    |            Name           | LUT| Input Size| Bits| Total Bits|
    +---------------------------+----+-----------+-----+-----------+
    |ap_NS_fsm                  |  21|          4|    1|          4|
    |ap_done                    |   9|          2|    1|          2|
    |ap_enable_reg_pp0_iter1    |   9|          2|    1|          2|
    |ap_enable_reg_pp0_iter4    |   9|          2|    1|          2|
    |in_V_V_blk_n               |   9|          2|    1|          2|
    |indvar_flatten4_reg_257    |   9|          2|   24|         48|
    |indvar_flatten_reg_268     |   9|          2|   14|         28|
    |macRegisters_0_V_2_fu_176  |   9|          2|    8|         16|
    |macRegisters_1_V_2_fu_180  |   9|          2|    8|         16|
    |macRegisters_2_V_2_fu_184  |   9|          2|    8|         16|
    |macRegisters_3_V_2_fu_188  |   9|          2|    8|         16|
    |nm_reg_279                 |   9|          2|    6|         12|
    |out_V_V_blk_n              |   9|          2|    1|          2|
    |real_start                 |   9|          2|    1|          2|
    |sf_reg_290                 |   9|          2|    8|         16|
    +---------------------------+----+-----------+-----+-----------+
    |Total                      | 147|         32|   91|        184|
    +---------------------------+----+-----------+-----+-----------+

    * Register: 
    +----------------------------+----+----+-----+-----------+
    |            Name            | FF | LUT| Bits| Const Bits|
    +----------------------------+----+----+-----+-----------+
    |ap_CS_fsm                   |   3|   0|    3|          0|
    |ap_done_reg                 |   1|   0|    1|          0|
    |ap_enable_reg_pp0_iter0     |   1|   0|    1|          0|
    |ap_enable_reg_pp0_iter1     |   1|   0|    1|          0|
    |ap_enable_reg_pp0_iter2     |   1|   0|    1|          0|
    |ap_enable_reg_pp0_iter3     |   1|   0|    1|          0|
    |ap_enable_reg_pp0_iter4     |   1|   0|    1|          0|
    |exitcond_flatten4_reg_1225  |   1|   0|    1|          0|
    |indvar_flatten4_reg_257     |  24|   0|   24|          0|
    |indvar_flatten_reg_268      |  14|   0|   14|          0|
    |macRegisters_0_V_2_fu_176   |   8|   0|    8|          0|
    |macRegisters_1_V_2_fu_180   |   8|   0|    8|          0|
    |macRegisters_2_V_2_fu_184   |   8|   0|    8|          0|
    |macRegisters_3_V_2_fu_188   |   8|   0|    8|          0|
    |nm_reg_279                  |   6|   0|    6|          0|
    |nm_t_mid2_reg_1234          |   5|   0|    5|          0|
    |p_Val2_20_1_reg_1351        |   8|   0|    8|          0|
    |p_Val2_20_2_reg_1356        |   8|   0|    8|          0|
    |p_Val2_20_3_reg_1361        |   8|   0|    8|          0|
    |p_Val2_5_reg_1346           |   8|   0|    8|          0|
    |p_Val2_75_1_reg_1301        |   8|   0|    8|          0|
    |p_Val2_75_3_reg_1331        |   8|   0|    8|          0|
    |sf_reg_290                  |   8|   0|    8|          0|
    |start_once_reg              |   1|   0|    1|          0|
    |tmp_203_1_reg_1311          |   1|   0|    1|          0|
    |tmp_203_2_reg_1326          |   1|   0|    1|          0|
    |tmp_203_3_reg_1341          |   1|   0|    1|          0|
    |tmp_328_reg_1291            |   1|   0|    1|          0|
    |tmp_331_reg_1306            |   1|   0|    1|          0|
    |tmp_334_reg_1321            |   1|   0|    1|          0|
    |tmp_337_reg_1336            |   1|   0|    1|          0|
    |tmp_42_reg_1247             |  12|   0|   12|          0|
    |tmp_48_reg_1296             |   1|   0|    1|          0|
    |tmp_62_reg_1252             |   1|   0|    1|          0|
    |tmp_65_reg_1316             |   8|   0|    8|          0|
    |tmp_s_reg_1286              |   8|   0|    8|          0|
    |exitcond_flatten4_reg_1225  |  64|  32|    1|          0|
    |nm_t_mid2_reg_1234          |  64|  32|    5|          0|
    |tmp_62_reg_1252             |  64|  32|    1|          0|
    +----------------------------+----+----+-----+-----------+
    |Total                       | 377|  96|  192|          0|
    +----------------------------+----+----+-----+-----------+



================================================================
== Interface
================================================================
* Summary: 
+----------------+-----+-----+------------+------------------+--------------+
|    RTL Ports   | Dir | Bits|  Protocol  |   Source Object  |    C Type    |
+----------------+-----+-----+------------+------------------+--------------+
|ap_clk          |  in |    1| ap_ctrl_hs | Conv1DMac_new399 | return value |
|ap_rst          |  in |    1| ap_ctrl_hs | Conv1DMac_new399 | return value |
|ap_start        |  in |    1| ap_ctrl_hs | Conv1DMac_new399 | return value |
|start_full_n    |  in |    1| ap_ctrl_hs | Conv1DMac_new399 | return value |
|ap_done         | out |    1| ap_ctrl_hs | Conv1DMac_new399 | return value |
|ap_continue     |  in |    1| ap_ctrl_hs | Conv1DMac_new399 | return value |
|ap_idle         | out |    1| ap_ctrl_hs | Conv1DMac_new399 | return value |
|ap_ready        | out |    1| ap_ctrl_hs | Conv1DMac_new399 | return value |
|start_out       | out |    1| ap_ctrl_hs | Conv1DMac_new399 | return value |
|start_write     | out |    1| ap_ctrl_hs | Conv1DMac_new399 | return value |
|in_V_V_dout     |  in |    8|   ap_fifo  |      in_V_V      |    pointer   |
|in_V_V_empty_n  |  in |    1|   ap_fifo  |      in_V_V      |    pointer   |
|in_V_V_read     | out |    1|   ap_fifo  |      in_V_V      |    pointer   |
|out_V_V_din     | out |   32|   ap_fifo  |      out_V_V     |    pointer   |
|out_V_V_full_n  |  in |    1|   ap_fifo  |      out_V_V     |    pointer   |
|out_V_V_write   | out |    1|   ap_fifo  |      out_V_V     |    pointer   |
+----------------+-----+-----+------------+------------------+--------------+

