

================================================================
== Vivado HLS Report for 'Conv1DMac_new395'
================================================================
* Date:           Wed Apr 26 22:20:38 2023

* Version:        2018.2 (Build 2258646 on Thu Jun 14 20:25:20 MDT 2018)
* Project:        S2
* Solution:       solution1
* Product family: zynq
* Target device:  xc7z045ffg900-2


================================================================
== Performance Estimates
================================================================
+ Timing (ns): 
    * Summary: 
    +--------+-------+----------+------------+
    |  Clock | Target| Estimated| Uncertainty|
    +--------+-------+----------+------------+
    |ap_clk  |  10.00|     8.198|        1.25|
    +--------+-------+----------+------------+

+ Latency (clock cycles): 
    * Summary: 
    +---------+---------+---------+---------+---------+
    |      Latency      |      Interval     | Pipeline|
    |   min   |   max   |   min   |   max   |   Type  |
    +---------+---------+---------+---------+---------+
    |  8388613|  8388613|  8388613|  8388613|   none  |
    +---------+---------+---------+---------+---------+

    + Detail: 
        * Instance: 
        N/A

        * Loop: 
        +-----------------------------------------------------+---------+---------+----------+-----------+-----------+---------+----------+
        |                                                     |      Latency      | Iteration|  Initiation Interval  |   Trip  |          |
        |                      Loop Name                      |   min   |   max   |  Latency |  achieved |   target  |  Count  | Pipelined|
        +-----------------------------------------------------+---------+---------+----------+-----------+-----------+---------+----------+
        |- loop_ofmChannels_loop_neuronFold_loop_synapseFold  |  8388611|  8388611|         5|          1|          1|  8388608|    yes   |
        +-----------------------------------------------------+---------+---------+----------+-----------+-----------+---------+----------+



================================================================
== Utilization Estimates
================================================================
* Summary: 
+-----------------+---------+-------+--------+--------+
|       Name      | BRAM_18K| DSP48E|   FF   |   LUT  |
+-----------------+---------+-------+--------+--------+
|DSP              |        -|      -|       -|       -|
|Expression       |        -|      0|       0|     590|
|FIFO             |        -|      -|       -|       -|
|Instance         |        -|      -|       0|     580|
|Memory           |        8|      -|       0|       0|
|Multiplexer      |        -|      -|       -|     147|
|Register         |        0|      -|     376|      96|
+-----------------+---------+-------+--------+--------+
|Total            |        8|      0|     376|    1413|
+-----------------+---------+-------+--------+--------+
|Available        |     1090|    900|  437200|  218600|
+-----------------+---------+-------+--------+--------+
|Utilization (%)  |    ~0   |      0|   ~0   |   ~0   |
+-----------------+---------+-------+--------+--------+

+ Detail: 
    * Instance: 
    +--------------------------+----------------------+---------+-------+---+-----+
    |         Instance         |        Module        | BRAM_18K| DSP48E| FF| LUT |
    +--------------------------+----------------------+---------+-------+---+-----+
    |computeS2_mux_325yd2_U29  |computeS2_mux_325yd2  |        0|      0|  0|  145|
    |computeS2_mux_325yd2_U30  |computeS2_mux_325yd2  |        0|      0|  0|  145|
    |computeS2_mux_325yd2_U31  |computeS2_mux_325yd2  |        0|      0|  0|  145|
    |computeS2_mux_325yd2_U32  |computeS2_mux_325yd2  |        0|      0|  0|  145|
    +--------------------------+----------------------+---------+-------+---+-----+
    |Total                     |                      |        0|      0|  0|  580|
    +--------------------------+----------------------+---------+-------+---+-----+

    * DSP48: 
    N/A

    * Memory: 
    +--------------------------+----------------------+---------+---+----+------+-----+------+-------------+
    |          Memory          |        Module        | BRAM_18K| FF| LUT| Words| Bits| Banks| W*Bits*Banks|
    +--------------------------+----------------------+---------+---+----+------+-----+------+-------------+
    |weights6_m_weights_V_U    |Conv1DMac_new395_udo  |        2|  0|   0|  4096|    6|     1|        24576|
    |weights6_m_weights_V_1_U  |Conv1DMac_new395_vdy  |        2|  0|   0|  4096|    7|     1|        28672|
    |weights6_m_weights_V_2_U  |Conv1DMac_new395_wdI  |        2|  0|   0|  4096|    7|     1|        28672|
    |weights6_m_weights_V_3_U  |Conv1DMac_new395_xdS  |        2|  0|   0|  4096|    7|     1|        28672|
    +--------------------------+----------------------+---------+---+----+------+-----+------+-------------+
    |Total                     |                      |        8|  0|   0| 16384|   27|     4|       110592|
    +--------------------------+----------------------+---------+---+----+------+-----+------+-------------+

    * FIFO: 
    N/A

    * Expression: 
    +----------------------------------+----------+-------+---+----+------------+------------+
    |           Variable Name          | Operation| DSP48E| FF| LUT| Bitwidth P0| Bitwidth P1|
    +----------------------------------+----------+-------+---+----+------------+------------+
    |p_Val2_1_fu_534_p2                |     *    |      0|  0|  41|           7|           8|
    |p_Val2_2_fu_604_p2                |     *    |      0|  0|  41|           7|           8|
    |p_Val2_3_fu_674_p2                |     *    |      0|  0|  41|           7|           8|
    |p_Val2_s_fu_464_p2                |     *    |      0|  0|  41|           6|           8|
    |indvar_flatten_next5_fu_299_p2    |     +    |      0|  0|  31|           1|          24|
    |indvar_flatten_op_fu_431_p2       |     +    |      0|  0|  21|          14|           1|
    |macRegisters_0_V_fu_769_p2        |     +    |      0|  0|   8|           8|           8|
    |macRegisters_1_V_fu_789_p2        |     +    |      0|  0|   8|           8|           8|
    |macRegisters_2_V_fu_808_p2        |     +    |      0|  0|   8|           8|           8|
    |macRegisters_3_V_fu_827_p2        |     +    |      0|  0|   8|           8|           8|
    |nm_1_fu_353_p2                    |     +    |      0|  0|  15|           1|           6|
    |p_Val2_20_1_fu_996_p2             |     +    |      0|  0|  15|           8|           8|
    |p_Val2_20_2_fu_1071_p2            |     +    |      0|  0|  15|           8|           8|
    |p_Val2_20_3_fu_1146_p2            |     +    |      0|  0|  15|           8|           8|
    |p_Val2_7_fu_921_p2                |     +    |      0|  0|  15|           8|           8|
    |sf_1_fu_425_p2                    |     +    |      0|  0|  15|           8|           1|
    |tmp1_fu_763_p2                    |     +    |      0|  0|   8|           8|           8|
    |tmp2_fu_783_p2                    |     +    |      0|  0|   8|           8|           8|
    |tmp3_fu_802_p2                    |     +    |      0|  0|   8|           8|           8|
    |tmp4_fu_821_p2                    |     +    |      0|  0|   8|           8|           8|
    |tmp_68_fu_413_p2                  |     +    |      0|  0|  19|          12|          12|
    |ap_block_state4_pp0_stage0_iter2  |    and   |      0|  0|   2|           1|           1|
    |ap_block_state6_pp0_stage0_iter4  |    and   |      0|  0|   2|           1|           1|
    |qb_assign_1_1_fu_775_p2           |    and   |      0|  0|   2|           1|           1|
    |qb_assign_1_2_fu_794_p2           |    and   |      0|  0|   2|           1|           1|
    |qb_assign_1_3_fu_813_p2           |    and   |      0|  0|   2|           1|           1|
    |qb_assign_1_fu_755_p2             |    and   |      0|  0|   2|           1|           1|
    |tmp_66_mid_fu_347_p2              |    and   |      0|  0|   2|           1|           1|
    |exitcond_flatten5_fu_293_p2       |   icmp   |      0|  0|  18|          24|          25|
    |exitcond_flatten_fu_305_p2        |   icmp   |      0|  0|  13|          14|          13|
    |tmp_203_1_fu_594_p2               |   icmp   |      0|  0|  11|           6|           1|
    |tmp_203_2_fu_664_p2               |   icmp   |      0|  0|  11|           6|           1|
    |tmp_203_3_fu_734_p2               |   icmp   |      0|  0|  11|           6|           1|
    |tmp_291_fu_341_p2                 |   icmp   |      0|  0|  13|           8|           9|
    |tmp_74_fu_524_p2                  |   icmp   |      0|  0|  11|           6|           1|
    |tmp_82_fu_419_p2                  |   icmp   |      0|  0|  11|           8|           7|
    |ap_block_pp0_stage0_01001         |    or    |      0|  0|   2|           1|           1|
    |ap_block_state1                   |    or    |      0|  0|   2|           1|           1|
    |tmp_274_fu_359_p2                 |    or    |      0|  0|   2|           1|           1|
    |tmp_71_fu_500_p2                  |    or    |      0|  0|   2|           1|           1|
    |tmp_77_fu_570_p2                  |    or    |      0|  0|   2|           1|           1|
    |tmp_81_fu_640_p2                  |    or    |      0|  0|   2|           1|           1|
    |tmp_86_fu_710_p2                  |    or    |      0|  0|   2|           1|           1|
    |indvar_flatten_next_fu_437_p3     |  select  |      0|  0|  14|           1|           1|
    |nm_mid2_fu_401_p3                 |  select  |      0|  0|   6|           1|           6|
    |nm_mid_fu_311_p3                  |  select  |      0|  0|   6|           1|           1|
    |nm_t_mid2_fu_393_p3               |  select  |      0|  0|   5|           1|           5|
    |nm_t_mid_fu_327_p3                |  select  |      0|  0|   5|           1|           1|
    |sf_mid2_fu_365_p3                 |  select  |      0|  0|   8|           1|           1|
    |tmp_65_mid2_fu_385_p3             |  select  |      0|  0|  12|           1|          12|
    |tmp_65_mid_fu_319_p3              |  select  |      0|  0|  12|           1|           1|
    |ap_enable_pp0                     |    xor   |      0|  0|   2|           1|           2|
    |ap_enable_reg_pp0_iter1           |    xor   |      0|  0|   2|           2|           1|
    |not_exitcond_flatten_fu_335_p2    |    xor   |      0|  0|   2|           1|           2|
    +----------------------------------+----------+-------+---+----+------------+------------+
    |Total                             |          |      0|  0| 590|         263|         277|
    +----------------------------------+----------+-------+---+----+------------+------------+

    * Multiplexer: 
    +---------------------------+----+-----------+-----+-----------+
    |            Name           | LUT| Input Size| Bits| Total Bits|
    +---------------------------+----+-----------+-----+-----------+
    |ap_NS_fsm                  |  21|          4|    1|          4|
    |ap_done                    |   9|          2|    1|          2|
    |ap_enable_reg_pp0_iter1    |   9|          2|    1|          2|
    |ap_enable_reg_pp0_iter4    |   9|          2|    1|          2|
    |in_V_V_blk_n               |   9|          2|    1|          2|
    |indvar_flatten5_reg_217    |   9|          2|   24|         48|
    |indvar_flatten_reg_228     |   9|          2|   14|         28|
    |macRegisters_0_V_3_fu_136  |   9|          2|    8|         16|
    |macRegisters_1_V_3_fu_140  |   9|          2|    8|         16|
    |macRegisters_2_V_3_fu_144  |   9|          2|    8|         16|
    |macRegisters_3_V_3_fu_148  |   9|          2|    8|         16|
    |nm_reg_239                 |   9|          2|    6|         12|
    |out_V_V_blk_n              |   9|          2|    1|          2|
    |real_start                 |   9|          2|    1|          2|
    |sf_reg_250                 |   9|          2|    8|         16|
    +---------------------------+----+-----------+-----+-----------+
    |Total                      | 147|         32|   91|        184|
    +---------------------------+----+-----------+-----+-----------+

    * Register: 
    +----------------------------+----+----+-----+-----------+
    |            Name            | FF | LUT| Bits| Const Bits|
    +----------------------------+----+----+-----+-----------+
    |ap_CS_fsm                   |   3|   0|    3|          0|
    |ap_done_reg                 |   1|   0|    1|          0|
    |ap_enable_reg_pp0_iter0     |   1|   0|    1|          0|
    |ap_enable_reg_pp0_iter1     |   1|   0|    1|          0|
    |ap_enable_reg_pp0_iter2     |   1|   0|    1|          0|
    |ap_enable_reg_pp0_iter3     |   1|   0|    1|          0|
    |ap_enable_reg_pp0_iter4     |   1|   0|    1|          0|
    |exitcond_flatten5_reg_1189  |   1|   0|    1|          0|
    |indvar_flatten5_reg_217     |  24|   0|   24|          0|
    |indvar_flatten_reg_228      |  14|   0|   14|          0|
    |macRegisters_0_V_3_fu_136   |   8|   0|    8|          0|
    |macRegisters_1_V_3_fu_140   |   8|   0|    8|          0|
    |macRegisters_2_V_3_fu_144   |   8|   0|    8|          0|
    |macRegisters_3_V_3_fu_148   |   8|   0|    8|          0|
    |nm_reg_239                  |   6|   0|    6|          0|
    |nm_t_mid2_reg_1198          |   5|   0|    5|          0|
    |p_Val2_20_1_reg_1315        |   8|   0|    8|          0|
    |p_Val2_20_2_reg_1320        |   8|   0|    8|          0|
    |p_Val2_20_3_reg_1325        |   8|   0|    8|          0|
    |p_Val2_7_reg_1310           |   8|   0|    8|          0|
    |sf_reg_250                  |   8|   0|    8|          0|
    |start_once_reg              |   1|   0|    1|          0|
    |tmp_203_1_reg_1275          |   1|   0|    1|          0|
    |tmp_203_2_reg_1290          |   1|   0|    1|          0|
    |tmp_203_3_reg_1305          |   1|   0|    1|          0|
    |tmp_341_reg_1255            |   1|   0|    1|          0|
    |tmp_344_reg_1270            |   1|   0|    1|          0|
    |tmp_347_reg_1285            |   1|   0|    1|          0|
    |tmp_350_reg_1300            |   1|   0|    1|          0|
    |tmp_68_reg_1211             |  12|   0|   12|          0|
    |tmp_74_reg_1260             |   1|   0|    1|          0|
    |tmp_82_reg_1216             |   1|   0|    1|          0|
    |tmp_90_reg_1265             |   8|   0|    8|          0|
    |tmp_91_reg_1280             |   8|   0|    8|          0|
    |tmp_92_reg_1295             |   8|   0|    8|          0|
    |tmp_s_reg_1250              |   7|   0|    7|          0|
    |exitcond_flatten5_reg_1189  |  64|  32|    1|          0|
    |nm_t_mid2_reg_1198          |  64|  32|    5|          0|
    |tmp_82_reg_1216             |  64|  32|    1|          0|
    +----------------------------+----+----+-----+-----------+
    |Total                       | 376|  96|  191|          0|
    +----------------------------+----+----+-----+-----------+



================================================================
== Interface
================================================================
* Summary: 
+----------------+-----+-----+------------+------------------+--------------+
|    RTL Ports   | Dir | Bits|  Protocol  |   Source Object  |    C Type    |
+----------------+-----+-----+------------+------------------+--------------+
|ap_clk          |  in |    1| ap_ctrl_hs | Conv1DMac_new395 | return value |
|ap_rst          |  in |    1| ap_ctrl_hs | Conv1DMac_new395 | return value |
|ap_start        |  in |    1| ap_ctrl_hs | Conv1DMac_new395 | return value |
|start_full_n    |  in |    1| ap_ctrl_hs | Conv1DMac_new395 | return value |
|ap_done         | out |    1| ap_ctrl_hs | Conv1DMac_new395 | return value |
|ap_continue     |  in |    1| ap_ctrl_hs | Conv1DMac_new395 | return value |
|ap_idle         | out |    1| ap_ctrl_hs | Conv1DMac_new395 | return value |
|ap_ready        | out |    1| ap_ctrl_hs | Conv1DMac_new395 | return value |
|start_out       | out |    1| ap_ctrl_hs | Conv1DMac_new395 | return value |
|start_write     | out |    1| ap_ctrl_hs | Conv1DMac_new395 | return value |
|in_V_V_dout     |  in |    8|   ap_fifo  |      in_V_V      |    pointer   |
|in_V_V_empty_n  |  in |    1|   ap_fifo  |      in_V_V      |    pointer   |
|in_V_V_read     | out |    1|   ap_fifo  |      in_V_V      |    pointer   |
|out_V_V_din     | out |   32|   ap_fifo  |      out_V_V     |    pointer   |
|out_V_V_full_n  |  in |    1|   ap_fifo  |      out_V_V     |    pointer   |
|out_V_V_write   | out |    1|   ap_fifo  |      out_V_V     |    pointer   |
+----------------+-----+-----+------------+------------------+--------------+

